stm32wbxx_ll_bus.h:512:22:LL_AHB2_GRP1_EnableClock	24	static
dotstar.h:103:21:sine8	16	static
dotstar.h:117:21:gamma8	16	static
dotstar.h:131:21:Color	16	static
main.c:211:5:main	8	static
main.c:327:6:SystemClock_Config	264	static
main.c:402:13:MX_I2C1_Init	8	static
main.c:448:13:MX_RF_Init	4	static
main.c:469:13:MX_RTC_Init	32	static
main.c:533:13:MX_SPI1_Init	8	static
main.c:573:13:MX_TIM1_Init	120	static
main.c:655:13:MX_GPIO_Init	32	static
main.c:703:6:HAL_GPIO_EXTI_Callback	32	static,ignoring_inline_asm
main.c:712:10:get_RTC_full	48	static
main.c:730:6:get_RTC_hrmin	56	static
main.c:752:6:get_RTC_hrminsec	64	static
main.c:784:6:startScreenUpdate	536	static
main.c:881:6:startLEDControl	48	static
main.c:1015:6:startButtonPress	32	static
main.c:1097:6:startVibrateControl	24	static
main.c:1129:6:startRTCTick	40	static
main.c:1236:6:startBLETX	16	static
main.c:1255:6:startBLERX	16	static
main.c:1273:6:startLEDTimer	24	static
main.c:1330:6:startTouchRead	32	static
main.c:1415:6:HAL_TIM_PeriodElapsedCallback	16	static
main.c:1432:6:Error_Handler	4	static
