stm32wbxx_it.c:72:6:NMI_Handler	4	static
stm32wbxx_it.c:85:6:HardFault_Handler	4	static
stm32wbxx_it.c:100:6:MemManage_Handler	4	static
stm32wbxx_it.c:115:6:BusFault_Handler	4	static
stm32wbxx_it.c:130:6:UsageFault_Handler	4	static
stm32wbxx_it.c:145:6:DebugMon_Handler	4	static
stm32wbxx_it.c:165:6:EXTI3_IRQHandler	8	static
stm32wbxx_it.c:179:6:EXTI4_IRQHandler	8	static
stm32wbxx_it.c:193:6:EXTI9_5_IRQHandler	8	static
stm32wbxx_it.c:207:6:TIM1_UP_TIM16_IRQHandler	8	static
stm32wbxx_it.c:221:6:TIM2_IRQHandler	8	static
stm32wbxx_it.c:235:6:HSEM_IRQHandler	8	static
