stm32wbxx_ll_rcc.h:2981:22:LL_RCC_EnableRTC	4	static
stm32wbxx_ll_rcc.h:2991:22:LL_RCC_DisableRTC	4	static
stm32wbxx_ll_bus.h:512:22:LL_AHB2_GRP1_EnableClock	24	static
stm32wbxx_ll_bus.h:710:22:LL_AHB3_GRP1_EnableClock	24	static
stm32wbxx_ll_bus.h:898:22:LL_APB1_GRP1_EnableClock	24	static
stm32wbxx_ll_bus.h:993:22:LL_APB1_GRP1_DisableClock	16	static
stm32wbxx_ll_bus.h:1217:22:LL_APB2_GRP1_EnableClock	24	static
stm32wbxx_ll_bus.h:1265:22:LL_APB2_GRP1_DisableClock	16	static
stm32wbxx_hal_msp.c:66:6:HAL_MspInit	8	static
stm32wbxx_hal_msp.c:92:6:HAL_I2C_MspInit	40	static
stm32wbxx_hal_msp.c:128:6:HAL_I2C_MspDeInit	16	static
stm32wbxx_hal_msp.c:159:6:HAL_RTC_MspInit	16	static
stm32wbxx_hal_msp.c:182:6:HAL_RTC_MspDeInit	16	static
stm32wbxx_hal_msp.c:205:6:HAL_SPI_MspInit	40	static
stm32wbxx_hal_msp.c:241:6:HAL_SPI_MspDeInit	16	static
stm32wbxx_hal_msp.c:270:6:HAL_TIM_Base_MspInit	16	static
stm32wbxx_hal_msp.c:289:6:HAL_TIM_MspPostInit	40	static
stm32wbxx_hal_msp.c:321:6:HAL_TIM_Base_MspDeInit	16	static
