Archive member included to satisfy reference by file (symbol)

c:/st/stm32cubeide_1.1.0/stm32cubeide/plugins/com.st.stm32cube.ide.mcu.externaltools.gnu-tools-for-stm32.7-2018-q2-update.win32_1.4.0.202007081208/tools/bin/../lib/gcc/arm-none-eabi/7.3.1/../../../../arm-none-eabi/lib/thumb/v7e-m/fpv4-sp/hard\libc_nano.a(lib_a-errno.o)
                              Core/Src/syscalls.o (__errno)
c:/st/stm32cubeide_1.1.0/stm32cubeide/plugins/com.st.stm32cube.ide.mcu.externaltools.gnu-tools-for-stm32.7-2018-q2-update.win32_1.4.0.202007081208/tools/bin/../lib/gcc/arm-none-eabi/7.3.1/../../../../arm-none-eabi/lib/thumb/v7e-m/fpv4-sp/hard\libc_nano.a(lib_a-exit.o)
                              c:/st/stm32cubeide_1.1.0/stm32cubeide/plugins/com.st.stm32cube.ide.mcu.externaltools.gnu-tools-for-stm32.7-2018-q2-update.win32_1.4.0.202007081208/tools/bin/../lib/gcc/arm-none-eabi/7.3.1/../../../../arm-none-eabi/lib/thumb/v7e-m/fpv4-sp/hard/crt0.o (exit)
c:/st/stm32cubeide_1.1.0/stm32cubeide/plugins/com.st.stm32cube.ide.mcu.externaltools.gnu-tools-for-stm32.7-2018-q2-update.win32_1.4.0.202007081208/tools/bin/../lib/gcc/arm-none-eabi/7.3.1/../../../../arm-none-eabi/lib/thumb/v7e-m/fpv4-sp/hard\libc_nano.a(lib_a-impure.o)
                              c:/st/stm32cubeide_1.1.0/stm32cubeide/plugins/com.st.stm32cube.ide.mcu.externaltools.gnu-tools-for-stm32.7-2018-q2-update.win32_1.4.0.202007081208/tools/bin/../lib/gcc/arm-none-eabi/7.3.1/../../../../arm-none-eabi/lib/thumb/v7e-m/fpv4-sp/hard\libc_nano.a(lib_a-exit.o) (_global_impure_ptr)
c:/st/stm32cubeide_1.1.0/stm32cubeide/plugins/com.st.stm32cube.ide.mcu.externaltools.gnu-tools-for-stm32.7-2018-q2-update.win32_1.4.0.202007081208/tools/bin/../lib/gcc/arm-none-eabi/7.3.1/../../../../arm-none-eabi/lib/thumb/v7e-m/fpv4-sp/hard\libc_nano.a(lib_a-init.o)
                              c:/st/stm32cubeide_1.1.0/stm32cubeide/plugins/com.st.stm32cube.ide.mcu.externaltools.gnu-tools-for-stm32.7-2018-q2-update.win32_1.4.0.202007081208/tools/bin/../lib/gcc/arm-none-eabi/7.3.1/../../../../arm-none-eabi/lib/thumb/v7e-m/fpv4-sp/hard/crt0.o (__libc_init_array)
c:/st/stm32cubeide_1.1.0/stm32cubeide/plugins/com.st.stm32cube.ide.mcu.externaltools.gnu-tools-for-stm32.7-2018-q2-update.win32_1.4.0.202007081208/tools/bin/../lib/gcc/arm-none-eabi/7.3.1/../../../../arm-none-eabi/lib/thumb/v7e-m/fpv4-sp/hard\libc_nano.a(lib_a-malloc.o)
                              Core/Src/dotstar.o (malloc)
c:/st/stm32cubeide_1.1.0/stm32cubeide/plugins/com.st.stm32cube.ide.mcu.externaltools.gnu-tools-for-stm32.7-2018-q2-update.win32_1.4.0.202007081208/tools/bin/../lib/gcc/arm-none-eabi/7.3.1/../../../../arm-none-eabi/lib/thumb/v7e-m/fpv4-sp/hard\libc_nano.a(lib_a-memcpy-stub.o)
                              Middlewares/Third_Party/FreeRTOS/Source/CMSIS_RTOS_V2/cmsis_os2.o (memcpy)
c:/st/stm32cubeide_1.1.0/stm32cubeide/plugins/com.st.stm32cube.ide.mcu.externaltools.gnu-tools-for-stm32.7-2018-q2-update.win32_1.4.0.202007081208/tools/bin/../lib/gcc/arm-none-eabi/7.3.1/../../../../arm-none-eabi/lib/thumb/v7e-m/fpv4-sp/hard\libc_nano.a(lib_a-memset.o)
                              c:/st/stm32cubeide_1.1.0/stm32cubeide/plugins/com.st.stm32cube.ide.mcu.externaltools.gnu-tools-for-stm32.7-2018-q2-update.win32_1.4.0.202007081208/tools/bin/../lib/gcc/arm-none-eabi/7.3.1/../../../../arm-none-eabi/lib/thumb/v7e-m/fpv4-sp/hard/crt0.o (memset)
c:/st/stm32cubeide_1.1.0/stm32cubeide/plugins/com.st.stm32cube.ide.mcu.externaltools.gnu-tools-for-stm32.7-2018-q2-update.win32_1.4.0.202007081208/tools/bin/../lib/gcc/arm-none-eabi/7.3.1/../../../../arm-none-eabi/lib/thumb/v7e-m/fpv4-sp/hard\libc_nano.a(lib_a-nano-freer.o)
                              c:/st/stm32cubeide_1.1.0/stm32cubeide/plugins/com.st.stm32cube.ide.mcu.externaltools.gnu-tools-for-stm32.7-2018-q2-update.win32_1.4.0.202007081208/tools/bin/../lib/gcc/arm-none-eabi/7.3.1/../../../../arm-none-eabi/lib/thumb/v7e-m/fpv4-sp/hard\libc_nano.a(lib_a-malloc.o) (_free_r)
c:/st/stm32cubeide_1.1.0/stm32cubeide/plugins/com.st.stm32cube.ide.mcu.externaltools.gnu-tools-for-stm32.7-2018-q2-update.win32_1.4.0.202007081208/tools/bin/../lib/gcc/arm-none-eabi/7.3.1/../../../../arm-none-eabi/lib/thumb/v7e-m/fpv4-sp/hard\libc_nano.a(lib_a-nano-mallocr.o)
                              c:/st/stm32cubeide_1.1.0/stm32cubeide/plugins/com.st.stm32cube.ide.mcu.externaltools.gnu-tools-for-stm32.7-2018-q2-update.win32_1.4.0.202007081208/tools/bin/../lib/gcc/arm-none-eabi/7.3.1/../../../../arm-none-eabi/lib/thumb/v7e-m/fpv4-sp/hard\libc_nano.a(lib_a-malloc.o) (_malloc_r)
c:/st/stm32cubeide_1.1.0/stm32cubeide/plugins/com.st.stm32cube.ide.mcu.externaltools.gnu-tools-for-stm32.7-2018-q2-update.win32_1.4.0.202007081208/tools/bin/../lib/gcc/arm-none-eabi/7.3.1/../../../../arm-none-eabi/lib/thumb/v7e-m/fpv4-sp/hard\libc_nano.a(lib_a-sbrkr.o)
[...]
Memory Configuration

Name             Origin             Length             Attributes
FLASH            0x0000000008000000 0x0000000000080000 xr
RAM1             0x0000000020000004 0x000000000002fffc xrw
RAM_SHARED       0x0000000020030000 0x0000000000002800 xrw
*default*        0x0000000000000000 0xffffffffffffffff

Linker script and memory map

LOAD c:/st/stm32cubeide_1.1.0/stm32cubeide/plugins/com.st.stm32cube.ide.mcu.externaltools.gnu-tools-for-stm32.7-2018-q2-update.win32_1.4.0.202007081208/tools/bin/../lib/gcc/arm-none-eabi/7.3.1/thumb/v7e-m/fpv4-sp/hard/crti.o
LOAD c:/st/stm32cubeide_1.1.0/stm32cubeide/plugins/com.st.stm32cube.ide.mcu.externaltools.gnu-tools-for-stm32.7-2018-q2-update.win32_1.4.0.202007081208/tools/bin/../lib/gcc/arm-none-eabi/7.3.1/thumb/v7e-m/fpv4-sp/hard/crtbegin.o
LOAD c:/st/stm32cubeide_1.1.0/stm32cubeide/plugins/com.st.stm32cube.ide.mcu.externaltools.gnu-tools-for-stm32.7-2018-q2-update.win32_1.4.0.202007081208/tools/bin/../lib/gcc/arm-none-eabi/7.3.1/../../../../arm-none-eabi/lib/thumb/v7e-m/fpv4-sp/hard/crt0.o
LOAD Core/Src/app_freertos.o
LOAD Core/Src/dotstar.o
LOAD Core/Src/er_oled.o
LOAD Core/Src/iqs263.o
LOAD Core/Src/main.o
LOAD Core/Src/stm32wbxx_hal_msp.o
LOAD Core/Src/stm32wbxx_hal_timebase_tim.o
LOAD Core/Src/stm32wbxx_it.o
LOAD Core/Src/syscalls.o
LOAD Core/Src/sysmem.o
LOAD Core/Src/system_stm32wbxx.o
LOAD Core/Startup/startup_stm32wb55cgux.o
LOAD Drivers/STM32WBxx_HAL_Driver/Src/stm32wbxx_hal.o
LOAD Drivers/STM32WBxx_HAL_Driver/Src/stm32wbxx_hal_cortex.o
LOAD Drivers/STM32WBxx_HAL_Driver/Src/stm32wbxx_hal_dma.o
LOAD Drivers/STM32WBxx_HAL_Driver/Src/stm32wbxx_hal_dma_ex.o
LOAD Drivers/STM32WBxx_HAL_Driver/Src/stm32wbxx_hal_exti.o
LOAD Drivers/STM32WBxx_HAL_Driver/Src/stm32wbxx_hal_flash.o
LOAD Drivers/STM32WBxx_HAL_Driver/Src/stm32wbxx_hal_flash_ex.o
LOAD Drivers/STM32WBxx_HAL_Driver/Src/stm32wbxx_hal_gpio.o
LOAD Drivers/STM32WBxx_HAL_Driver/Src/stm32wbxx_hal_hsem.o
LOAD Drivers/STM32WBxx_HAL_Driver/Src/stm32wbxx_hal_i2c.o
LOAD Drivers/STM32WBxx_HAL_Driver/Src/stm32wbxx_hal_i2c_ex.o
LOAD Drivers/STM32WBxx_HAL_Driver/Src/stm32wbxx_hal_pwr.o
LOAD Drivers/STM32WBxx_HAL_Driver/Src/stm32wbxx_hal_pwr_ex.o
LOAD Drivers/STM32WBxx_HAL_Driver/Src/stm32wbxx_hal_rcc.o
LOAD Drivers/STM32WBxx_HAL_Driver/Src/stm32wbxx_hal_rcc_ex.o
LOAD Drivers/STM32WBxx_HAL_Driver/Src/stm32wbxx_hal_rtc.o
LOAD Drivers/STM32WBxx_HAL_Driver/Src/stm32wbxx_hal_rtc_ex.o
LOAD Drivers/STM32WBxx_HAL_Driver/Src/stm32wbxx_hal_spi.o
LOAD Drivers/STM32WBxx_HAL_Driver/Src/stm32wbxx_hal_spi_ex.o
LOAD Drivers/STM32WBxx_HAL_Driver/Src/stm32wbxx_hal_tim.o
LOAD Drivers/STM32WBxx_HAL_Driver/Src/stm32wbxx_hal_tim_ex.o
LOAD Middlewares/Third_Party/FreeRTOS/Source/CMSIS_RTOS_V2/cmsis_os2.o
LOAD Middlewares/Third_Party/FreeRTOS/Source/croutine.o
LOAD Middlewares/Third_Party/FreeRTOS/Source/event_groups.o
LOAD Middlewares/Third_Party/FreeRTOS/Source/list.o
LOAD Middlewares/Third_Party/FreeRTOS/Source/queue.o
LOAD Middlewares/Third_Party/FreeRTOS/Source/stream_buffer.o
LOAD Middlewares/Third_Party/FreeRTOS/Source/tasks.o
LOAD Middlewares/Third_Party/FreeRTOS/Source/timers.o
LOAD Middlewares/Third_Party/FreeRTOS/Source/portable/GCC/ARM_CM4F/port.o
LOAD Middlewares/Third_Party/FreeRTOS/Source/portable/MemMang/heap_4.o
START GROUP
LOAD c:/st/stm32cubeide_1.1.0/stm32cubeide/plugins/com.st.stm32cube.ide.mcu.externaltools.gnu-tools-for-stm32.7-2018-q2-update.win32_1.4.0.202007081208/tools/bin/../lib/gcc/arm-none-eabi/7.3.1/../../../../arm-none-eabi/lib/thumb/v7e-m/fpv4-sp/hard\libc_nano.a
LOAD c:/st/stm32cubeide_1.1.0/stm32cubeide/plugins/com.st.stm32cube.ide.mcu.externaltools.gnu-tools-for-stm32.7-2018-q2-update.win32_1.4.0.202007081208/tools/bin/../lib/gcc/arm-none-eabi/7.3.1/../../../../arm-none-eabi/lib/thumb/v7e-m/fpv4-sp/hard\libm.a
END GROUP
START GROUP
LOAD c:/st/stm32cubeide_1.1.0/stm32cubeide/plugins/com.st.stm32cube.ide.mcu.externaltools.gnu-tools-for-stm32.7-2018-q2-update.win32_1.4.0.202007081208/tools/bin/../lib/gcc/arm-none-eabi/7.3.1/thumb/v7e-m/fpv4-sp/hard\libgcc.a
LOAD c:/st/stm32cubeide_1.1.0/stm32cubeide/plugins/com.st.stm32cube.ide.mcu.externaltools.gnu-tools-for-stm32.7-2018-q2-update.win32_1.4.0.202007081208/tools/bin/../lib/gcc/arm-none-eabi/7.3.1/../../../../arm-none-eabi/lib/thumb/v7e-m/fpv4-sp/hard\libc_nano.a
END GROUP
START GROUP
LOAD c:/st/stm32cubeide_1.1.0/stm32cubeide/plugins/com.st.stm32cube.ide.mcu.externaltools.gnu-tools-for-stm32.7-2018-q2-update.win32_1.4.0.202007081208/tools/bin/../lib/gcc/arm-none-eabi/7.3.1/thumb/v7e-m/fpv4-sp/hard\libgcc.a
LOAD c:/st/stm32cubeide_1.1.0/stm32cubeide/plugins/com.st.stm32cube.ide.mcu.externaltools.gnu-tools-for-stm32.7-2018-q2-update.win32_1.4.0.202007081208/tools/bin/../lib/gcc/arm-none-eabi/7.3.1/../../../../arm-none-eabi/lib/thumb/v7e-m/fpv4-sp/hard\libc_nano.a
LOAD c:/st/stm32cubeide_1.1.0/stm32cubeide/plugins/com.st.stm32cube.ide.mcu.externaltools.gnu-tools-for-stm32.7-2018-q2-update.win32_1.4.0.202007081208/tools/bin/../lib/gcc/arm-none-eabi/7.3.1/../../../../arm-none-eabi/lib/thumb/v7e-m/fpv4-sp/hard\libnosys.a
END GROUP
START GROUP
LOAD c:/st/stm32cubeide_1.1.0/stm32cubeide/plugins/com.st.stm32cube.ide.mcu.externaltools.gnu-tools-for-stm32.7-2018-q2-update.win32_1.4.0.202007081208/tools/bin/../lib/gcc/arm-none-eabi/7.3.1/thumb/v7e-m/fpv4-sp/hard\libgcc.a
LOAD c:/st/stm32cubeide_1.1.0/stm32cubeide/plugins/com.st.stm32cube.ide.mcu.externaltools.gnu-tools-for-stm32.7-2018-q2-update.win32_1.4.0.202007081208/tools/bin/../lib/gcc/arm-none-eabi/7.3.1/../../../../arm-none-eabi/lib/thumb/v7e-m/fpv4-sp/hard\libc_nano.a
LOAD c:/st/stm32cubeide_1.1.0/stm32cubeide/plugins/com.st.stm32cube.ide.mcu.externaltools.gnu-tools-for-stm32.7-2018-q2-update.win32_1.4.0.202007081208/tools/bin/../lib/gcc/arm-none-eabi/7.3.1/../../../../arm-none-eabi/lib/thumb/v7e-m/fpv4-sp/hard\libnosys.a
END GROUP
LOAD c:/st/stm32cubeide_1.1.0/stm32cubeide/plugins/com.st.stm32cube.ide.mcu.externaltools.gnu-tools-for-stm32.7-2018-q2-update.win32_1.4.0.202007081208/tools/bin/../lib/gcc/arm-none-eabi/7.3.1/thumb/v7e-m/fpv4-sp/hard/crtend.o
LOAD c:/st/stm32cubeide_1.1.0/stm32cubeide/plugins/com.st.stm32cube.ide.mcu.externaltools.gnu-tools-for-stm32.7-2018-q2-update.win32_1.4.0.202007081208/tools/bin/../lib/gcc/arm-none-eabi/7.3.1/thumb/v7e-m/fpv4-sp/hard/crtn.o
                0x0000000020030000                _estack = 0x20030000
                0x0000000000000200                _Min_Heap_Size = 0x200
                0x0000000000000400                _Min_Stack_Size = 0x400

.isr_vector     0x0000000008000000      0x13c
                0x0000000008000000                . = ALIGN (0x4)
 *(.isr_vector)
 .isr_vector    0x0000000008000000      0x13c Core/Startup/startup_stm32wb55cgux.o
                0x0000000008000000                g_pfnVectors
                0x000000000800013c                . = ALIGN (0x4)

.text           0x0000000008000140     0xc408
                0x0000000008000140                . = ALIGN (0x4)
 *(.text)
 .text          0x0000000008000140       0x40 c:/st/stm32cubeide_1.1.0/stm32cubeide/plugins/com.st.stm32cube.ide.mcu.externaltools.gnu-tools-for-stm32.7-2018-q2-update.win32_1.4.0.202007081208/tools/bin/../lib/gcc/arm-none-eabi/7.3.1/thumb/v7e-m/fpv4-sp/hard/crtbegin.o
 .text          0x0000000008000180       0xa0 c:/st/stm32cubeide_1.1.0/stm32cubeide/plugins/com.st.stm32cube.ide.mcu.externaltools.gnu-tools-for-stm32.7-2018-q2-update.win32_1.4.0.202007081208/tools/bin/../lib/gcc/arm-none-eabi/7.3.1/../../../../arm-none-eabi/lib/thumb/v7e-m/fpv4-sp/hard\libc_nano.a(lib_a-memchr.o)
                0x0000000008000180                memchr
 .text          0x0000000008000220      0x378 c:/st/stm32cubeide_1.1.0/stm32cubeide/plugins/com.st.stm32cube.ide.mcu.externaltools.gnu-tools-for-stm32.7-2018-q2-update.win32_1.4.0.202007081208/tools/bin/../lib/gcc/arm-none-eabi/7.3.1/thumb/v7e-m/fpv4-sp/hard\libgcc.a(_arm_addsubdf3.o)
                0x0000000008000220                __aeabi_drsub
                0x0000000008000228                __aeabi_dsub
                0x0000000008000228                __subdf3
                0x000000000800022c                __aeabi_dadd
                0x000000000800022c                __adddf3
                0x00000000080004a4                __floatunsidf
                0x00000000080004a4                __aeabi_ui2d
                0x00000000080004c4                __floatsidf
                0x00000000080004c4                __aeabi_i2d
                0x00000000080004e8                __aeabi_f2d
                0x00000000080004e8                __extendsfdf2
                0x000000000800052c                __floatundidf
                0x000000000800052c                __aeabi_ul2d
                0x000000000800053c                __floatdidf
                0x000000000800053c                __aeabi_l2d
 .text          0x0000000008000598      0x424 c:/st/stm32cubeide_1.1.0/stm32cubeide/plugins/com.st.stm32cube.ide.mcu.externaltools.gnu-tools-for-stm32.7-2018-q2-update.win32_1.4.0.202007081208/tools/bin/../lib/gcc/arm-none-eabi/7.3.1/thumb/v7e-m/fpv4-sp/hard\libgcc.a(_arm_muldivdf3.o)
                0x0000000008000598                __aeabi_dmul
                0x0000000008000598                __muldf3
                0x00000000080007ec                __divdf3
                0x00000000080007ec                __aeabi_ddiv
 .text          0x00000000080009bc       0x50 c:/st/stm32cubeide_1.1.0/stm32cubeide/plugins/com.st.stm32cube.ide.mcu.externaltools.gnu-tools-for-stm32.7-2018-q2-update.win32_1.4.0.202007081208/tools/bin/../lib/gcc/arm-none-eabi/7.3.1/thumb/v7e-m/fpv4-sp/hard\libgcc.a(_arm_fixdfsi.o)
                0x00000000080009bc                __aeabi_d2iz
                0x00000000080009bc                __fixdfsi
 *(.text*)
 .text.configureTimerForRunTimeStats
                0x0000000008000a0c        0xe Core/Src/app_freertos.o
                0x0000000008000a0c                configureTimerForRunTimeStats
 .text.getRunTimeCounterValue
                0x0000000008000a1a       0x10 Core/Src/app_freertos.o
                0x0000000008000a1a                getRunTimeCounterValue
 *fill*         0x0000000008000a2a        0x2 
 .text.Dotstar_Init
                0x0000000008000a2c       0xa0 Core/Src/dotstar.o
                0x0000000008000a2c                Dotstar_Init
 .text.ds_show  0x0000000008000acc      0x138 Core/Src/dotstar.o
                0x0000000008000acc                ds_show
 .text.ds_clear
                0x0000000008000c04       0x48 Core/Src/dotstar.o
                0x0000000008000c04                ds_clear
 .text.ds_setPixelColor32B
                0x0000000008000c4c       0x6c Core/Src/dotstar.o
                0x0000000008000c4c                ds_setPixelColor32B
 .text.ds_fill  0x0000000008000cb8       0x6c Core/Src/dotstar.o
                0x0000000008000cb8                ds_fill
 .text.ds_setBrightness
                0x0000000008000d24       0x24 Core/Src/dotstar.o
                0x0000000008000d24                ds_setBrightness
 .text.I2C_Write_Byte
                0x0000000008000d48       0x3c Core/Src/er_oled.o
                0x0000000008000d48                I2C_Write_Byte
 .text.er_oled_begin
                0x0000000008000d84       0xd0 Core/Src/er_oled.o
                0x0000000008000d84                er_oled_begin
 .text.er_oled_clear
                0x0000000008000e54       0x32 Core/Src/er_oled.o
                0x0000000008000e54                er_oled_clear
 .text.er_oled_pixel
                0x0000000008000e86       0xe6 Core/Src/er_oled.o
                0x0000000008000e86                er_oled_pixel
 .text.er_oled_char
                0x0000000008000f6c      0x1c8 Core/Src/er_oled.o
                0x0000000008000f6c                er_oled_char
 .text.er_oled_string
                0x0000000008001134       0x82 Core/Src/er_oled.o
                0x0000000008001134                er_oled_string
 .text.er_oled_bitmap
                0x00000000080011b6       0x94 Core/Src/er_oled.o
                0x00000000080011b6                er_oled_bitmap
 .text.er_oled_display
                0x000000000800124a       0x70 Core/Src/er_oled.o
                0x000000000800124a                er_oled_display
 .text.er_oled_time
                0x00000000080012ba       0xf6 Core/Src/er_oled.o
                0x00000000080012ba                er_oled_time
 .text.er_oled_print_2digit
                0x00000000080013b0       0xa0 Core/Src/er_oled.o
                0x00000000080013b0                er_oled_print_2digit
 .text._angle_correction
                0x0000000008001450       0xa0 Core/Src/iqs263.o
                0x0000000008001450                _angle_correction
 .text._get_pad_angle
                0x00000000080014f0       0x7c Core/Src/iqs263.o
                0x00000000080014f0                _get_pad_angle
 .text._get_angle
                0x000000000800156c      0x118 Core/Src/iqs263.o
                0x000000000800156c                _get_angle
 .text._get_min
                0x0000000008001684       0x28 Core/Src/iqs263.o
                0x0000000008001684                _get_min
 .text._get_min_if_pressed
                0x00000000080016ac       0x26 Core/Src/iqs263.o
                0x00000000080016ac                _get_min_if_pressed
 .text.iqs263_poll_raw
                0x00000000080016d2       0x5e Core/Src/iqs263.o
                0x00000000080016d2                iqs263_poll_raw
 .text.setup_iqs263
                0x0000000008001730       0xc8 Core/Src/iqs263.o
                0x0000000008001730                setup_iqs263
 .text.iqs263_read
                0x00000000080017f8       0x74 Core/Src/iqs263.o
                0x00000000080017f8                iqs263_read
 .text.iqs263_get_min_if_pressed
                0x000000000800186c       0x2c Core/Src/iqs263.o
                0x000000000800186c                iqs263_get_min_if_pressed
 .text.LL_AHB2_GRP1_EnableClock
                0x0000000008001898       0x32 Core/Src/main.o
 *fill*         0x00000000080018ca        0x2 
 .text.main     0x00000000080018cc      0x180 Core/Src/main.o
                0x00000000080018cc                main
 .text.SystemClock_Config
                0x0000000008001a4c      0x148 Core/Src/main.o
                0x0000000008001a4c                SystemClock_Config
 .text.MX_I2C1_Init
                0x0000000008001b94       0x80 Core/Src/main.o
 .text.MX_RF_Init
                0x0000000008001c14        0xe Core/Src/main.o
 *fill*         0x0000000008001c22        0x2 
 .text.MX_RTC_Init
                0x0000000008001c24       0xbc Core/Src/main.o
 .text.MX_SPI1_Init
                0x0000000008001ce0       0x7c Core/Src/main.o
 .text.MX_TIM1_Init
                0x0000000008001d5c      0x160 Core/Src/main.o
 .text.MX_GPIO_Init
                0x0000000008001ebc       0xa0 Core/Src/main.o
 .text.HAL_GPIO_EXTI_Callback
                0x0000000008001f5c       0x48 Core/Src/main.o
                0x0000000008001f5c                HAL_GPIO_EXTI_Callback
 .text.get_RTC_hrmin
                0x0000000008001fa4       0x8c Core/Src/main.o
                0x0000000008001fa4                get_RTC_hrmin
 .text.startScreenUpdate
                0x0000000008002030      0x1f0 Core/Src/main.o
                0x0000000008002030                startScreenUpdate
 .text.startLEDControl
                0x0000000008002220      0x288 Core/Src/main.o
                0x0000000008002220                startLEDControl
 .text.startButtonPress
                0x00000000080024a8      0x128 Core/Src/main.o
                0x00000000080024a8                startButtonPress
 .text.startVibrateControl
                0x00000000080025d0       0x3c Core/Src/main.o
                0x00000000080025d0                startVibrateControl
 .text.startRTCTick
                0x000000000800260c      0x208 Core/Src/main.o
                0x000000000800260c                startRTCTick
 .text.startBLETX
                0x0000000008002814       0x12 Core/Src/main.o
                0x0000000008002814                startBLETX
 .text.startBLERX
                0x0000000008002826       0x10 Core/Src/main.o
                0x0000000008002826                startBLERX
 *fill*         0x0000000008002836        0x2 
 .text.startLEDTimer
                0x0000000008002838       0x8c Core/Src/main.o
                0x0000000008002838                startLEDTimer
 .text.startTouchRead
                0x00000000080028c4      0x11c Core/Src/main.o
                0x00000000080028c4                startTouchRead
 .text.HAL_TIM_PeriodElapsedCallback
                0x00000000080029e0       0x1e Core/Src/main.o
                0x00000000080029e0                HAL_TIM_PeriodElapsedCallback
 .text.Error_Handler
                0x00000000080029fe        0xe Core/Src/main.o
                0x00000000080029fe                Error_Handler
 .text.LL_RCC_EnableRTC
                0x0000000008002a0c       0x22 Core/Src/stm32wbxx_hal_msp.o
 .text.LL_AHB2_GRP1_EnableClock
                0x0000000008002a2e       0x32 Core/Src/stm32wbxx_hal_msp.o
 .text.LL_AHB3_GRP1_EnableClock
                0x0000000008002a60       0x32 Core/Src/stm32wbxx_hal_msp.o
 .text.LL_APB1_GRP1_EnableClock
                0x0000000008002a92       0x32 Core/Src/stm32wbxx_hal_msp.o
 .text.LL_APB2_GRP1_EnableClock
                0x0000000008002ac4       0x32 Core/Src/stm32wbxx_hal_msp.o
 .text.HAL_MspInit
                0x0000000008002af6       0x20 Core/Src/stm32wbxx_hal_msp.o
                0x0000000008002af6                HAL_MspInit
 *fill*         0x0000000008002b16        0x2 
 .text.HAL_I2C_MspInit
                0x0000000008002b18       0x64 Core/Src/stm32wbxx_hal_msp.o
                0x0000000008002b18                HAL_I2C_MspInit
 .text.HAL_RTC_MspInit
                0x0000000008002b7c       0x2c Core/Src/stm32wbxx_hal_msp.o
                0x0000000008002b7c                HAL_RTC_MspInit
 .text.HAL_SPI_MspInit
                0x0000000008002ba8       0x60 Core/Src/stm32wbxx_hal_msp.o
                0x0000000008002ba8                HAL_SPI_MspInit
 .text.HAL_TIM_Base_MspInit
                0x0000000008002c08       0x38 Core/Src/stm32wbxx_hal_msp.o
                0x0000000008002c08                HAL_TIM_Base_MspInit
 .text.HAL_TIM_MspPostInit
                0x0000000008002c40       0x58 Core/Src/stm32wbxx_hal_msp.o
                0x0000000008002c40                HAL_TIM_MspPostInit
 .text.LL_APB1_GRP1_EnableClock
                0x0000000008002c98       0x32 Core/Src/stm32wbxx_hal_timebase_tim.o
 *fill*         0x0000000008002cca        0x2 
 .text.HAL_InitTick
                0x0000000008002ccc       0x94 Core/Src/stm32wbxx_hal_timebase_tim.o
                0x0000000008002ccc                HAL_InitTick
 .text.NMI_Handler
                0x0000000008002d60        0xe Core/Src/stm32wbxx_it.o
                0x0000000008002d60                NMI_Handler
 .text.HardFault_Handler
                0x0000000008002d6e        0x6 Core/Src/stm32wbxx_it.o
                0x0000000008002d6e                HardFault_Handler
 .text.MemManage_Handler
                0x0000000008002d74        0x6 Core/Src/stm32wbxx_it.o
                0x0000000008002d74                MemManage_Handler
 .text.BusFault_Handler
                0x0000000008002d7a        0x6 Core/Src/stm32wbxx_it.o
                0x0000000008002d7a                BusFault_Handler
 .text.UsageFault_Handler
                0x0000000008002d80        0x6 Core/Src/stm32wbxx_it.o
                0x0000000008002d80                UsageFault_Handler
 .text.DebugMon_Handler
                0x0000000008002d86        0xe Core/Src/stm32wbxx_it.o
                0x0000000008002d86                DebugMon_Handler
 .text.EXTI3_IRQHandler
                0x0000000008002d94        0xe Core/Src/stm32wbxx_it.o
                0x0000000008002d94                EXTI3_IRQHandler
 .text.EXTI4_IRQHandler
                0x0000000008002da2        0xe Core/Src/stm32wbxx_it.o
                0x0000000008002da2                EXTI4_IRQHandler
 .text.EXTI9_5_IRQHandler
                0x0000000008002db0        0xe Core/Src/stm32wbxx_it.o
                0x0000000008002db0                EXTI9_5_IRQHandler
 *fill*         0x0000000008002dbe        0x2 
 .text.TIM1_UP_TIM16_IRQHandler
                0x0000000008002dc0       0x14 Core/Src/stm32wbxx_it.o
                0x0000000008002dc0                TIM1_UP_TIM16_IRQHandler
 .text.TIM2_IRQHandler
                0x0000000008002dd4       0x14 Core/Src/stm32wbxx_it.o
                0x0000000008002dd4                TIM2_IRQHandler
 .text.HSEM_IRQHandler
                0x0000000008002de8        0xc Core/Src/stm32wbxx_it.o
                0x0000000008002de8                HSEM_IRQHandler
 .text._sbrk    0x0000000008002df4       0x6c Core/Src/sysmem.o
                0x0000000008002df4                _sbrk
 .text.SystemInit
                0x0000000008002e60       0xac Core/Src/system_stm32wbxx.o
                0x0000000008002e60                SystemInit
 .text.SystemCoreClockUpdate
                0x0000000008002f0c      0x144 Core/Src/system_stm32wbxx.o
                0x0000000008002f0c                SystemCoreClockUpdate
 .text.data_initializers
                0x0000000008003050       0x18 Core/Startup/startup_stm32wb55cgux.o
 .text.Reset_Handler
                0x0000000008003068       0x54 Core/Startup/startup_stm32wb55cgux.o
                0x0000000008003068                Reset_Handler
 .text.Default_Handler
                0x00000000080030bc        0x2 Core/Startup/startup_stm32wb55cgux.o
                0x00000000080030bc                RTC_Alarm_IRQHandler
                0x00000000080030bc                EXTI2_IRQHandler
                0x00000000080030bc                TIM1_CC_IRQHandler
                0x00000000080030bc                TSC_IRQHandler
                0x00000000080030bc                USB_HP_IRQHandler
                0x00000000080030bc                LPTIM2_IRQHandler
                0x00000000080030bc                I2C3_ER_IRQHandler
                0x00000000080030bc                EXTI0_IRQHandler
                0x00000000080030bc                FPU_IRQHandler
                0x00000000080030bc                AES1_IRQHandler
                0x00000000080030bc                SPI1_IRQHandler
                0x00000000080030bc                PWR_SOTF_BLEACT_802ACT_RFPHASE_IRQHandler
                0x00000000080030bc                DMA2_Channel2_IRQHandler
                0x00000000080030bc                DMA1_Channel4_IRQHandler
                0x00000000080030bc                ADC1_IRQHandler
                0x00000000080030bc                PKA_IRQHandler
                0x00000000080030bc                DMA1_Channel7_IRQHandler
                0x00000000080030bc                LCD_IRQHandler
                0x00000000080030bc                IPCC_C1_TX_IRQHandler
                0x00000000080030bc                DMA2_Channel1_IRQHandler
                0x00000000080030bc                QUADSPI_IRQHandler
                0x00000000080030bc                I2C1_EV_IRQHandler
                0x00000000080030bc                DMAMUX1_OVR_IRQHandler
                0x00000000080030bc                DMA1_Channel6_IRQHandler
                0x00000000080030bc                DMA2_Channel4_IRQHandler
                0x00000000080030bc                RCC_IRQHandler
                0x00000000080030bc                DMA1_Channel1_IRQHandler
                0x00000000080030bc                Default_Handler
                0x00000000080030bc                DMA2_Channel7_IRQHandler
                0x00000000080030bc                EXTI15_10_IRQHandler
                0x00000000080030bc                IPCC_C1_RX_IRQHandler
                0x00000000080030bc                C2SEV_PWR_C2H_IRQHandler
                0x00000000080030bc                AES2_IRQHandler
                0x00000000080030bc                I2C3_EV_IRQHandler
                0x00000000080030bc                RTC_WKUP_IRQHandler
                0x00000000080030bc                PVD_PVM_IRQHandler
                0x00000000080030bc                SPI2_IRQHandler
                0x00000000080030bc                DMA2_Channel5_IRQHandler
                0x00000000080030bc                CRS_IRQHandler
                0x00000000080030bc                DMA1_Channel5_IRQHandler
                0x00000000080030bc                USB_LP_IRQHandler
                0x00000000080030bc                RNG_IRQHandler
                0x00000000080030bc                TIM1_TRG_COM_TIM17_IRQHandler
                0x00000000080030bc                TAMP_STAMP_LSECSS_IRQHandler
                0x00000000080030bc                DMA1_Channel3_IRQHandler
                0x00000000080030bc                COMP_IRQHandler
                0x00000000080030bc                WWDG_IRQHandler
                0x00000000080030bc                LPUART1_IRQHandler
                0x00000000080030bc                DMA2_Channel6_IRQHandler
                0x00000000080030bc                TIM1_BRK_IRQHandler
                0x00000000080030bc                EXTI1_IRQHandler
                0x00000000080030bc                DMA1_Channel2_IRQHandler
                0x00000000080030bc                FLASH_IRQHandler
                0x00000000080030bc                USART1_IRQHandler
                0x00000000080030bc                I2C1_ER_IRQHandler
                0x00000000080030bc                LPTIM1_IRQHandler
                0x00000000080030bc                SAI1_IRQHandler
                0x00000000080030bc                DMA2_Channel3_IRQHandler
 *fill*         0x00000000080030be        0x2 
 .text.HAL_Init
                0x00000000080030c0       0x40 Drivers/STM32WBxx_HAL_Driver/Src/stm32wbxx_hal.o
                0x00000000080030c0                HAL_Init
 .text.HAL_IncTick
                0x0000000008003100       0x28 Drivers/STM32WBxx_HAL_Driver/Src/stm32wbxx_hal.o
                0x0000000008003100                HAL_IncTick
 .text.HAL_GetTick
                0x0000000008003128       0x18 Drivers/STM32WBxx_HAL_Driver/Src/stm32wbxx_hal.o
                0x0000000008003128                HAL_GetTick
 .text.HAL_GetTickPrio
                0x0000000008003140       0x18 Drivers/STM32WBxx_HAL_Driver/Src/stm32wbxx_hal.o
                0x0000000008003140                HAL_GetTickPrio
 .text.HAL_Delay
                0x0000000008003158       0x44 Drivers/STM32WBxx_HAL_Driver/Src/stm32wbxx_hal.o
                0x0000000008003158                HAL_Delay
 .text.__NVIC_SetPriorityGrouping
                0x000000000800319c       0x48 Drivers/STM32WBxx_HAL_Driver/Src/stm32wbxx_hal_cortex.o
 .text.__NVIC_GetPriorityGrouping
                0x00000000080031e4       0x1c Drivers/STM32WBxx_HAL_Driver/Src/stm32wbxx_hal_cortex.o
 .text.__NVIC_EnableIRQ
                0x0000000008003200       0x3c Drivers/STM32WBxx_HAL_Driver/Src/stm32wbxx_hal_cortex.o
 .text.__NVIC_SetPriority
                0x000000000800323c       0x54 Drivers/STM32WBxx_HAL_Driver/Src/stm32wbxx_hal_cortex.o
 .text.NVIC_EncodePriority
                0x0000000008003290       0x66 Drivers/STM32WBxx_HAL_Driver/Src/stm32wbxx_hal_cortex.o
 .text.HAL_NVIC_SetPriorityGrouping
                0x00000000080032f6       0x16 Drivers/STM32WBxx_HAL_Driver/Src/stm32wbxx_hal_cortex.o
                0x00000000080032f6                HAL_NVIC_SetPriorityGrouping
 .text.HAL_NVIC_SetPriority
                0x000000000800330c       0x34 Drivers/STM32WBxx_HAL_Driver/Src/stm32wbxx_hal_cortex.o
                0x000000000800330c                HAL_NVIC_SetPriority
 .text.HAL_NVIC_EnableIRQ
                0x0000000008003340       0x1c Drivers/STM32WBxx_HAL_Driver/Src/stm32wbxx_hal_cortex.o
                0x0000000008003340                HAL_NVIC_EnableIRQ
 .text.HAL_GPIO_Init
                0x000000000800335c      0x2e0 Drivers/STM32WBxx_HAL_Driver/Src/stm32wbxx_hal_gpio.o
                0x000000000800335c                HAL_GPIO_Init
 .text.HAL_GPIO_ReadPin
                0x000000000800363c       0x30 Drivers/STM32WBxx_HAL_Driver/Src/stm32wbxx_hal_gpio.o
                0x000000000800363c                HAL_GPIO_ReadPin
 .text.HAL_GPIO_WritePin
                0x000000000800366c       0x30 Drivers/STM32WBxx_HAL_Driver/Src/stm32wbxx_hal_gpio.o
                0x000000000800366c                HAL_GPIO_WritePin
 .text.HAL_GPIO_EXTI_IRQHandler
                0x000000000800369c       0x30 Drivers/STM32WBxx_HAL_Driver/Src/stm32wbxx_hal_gpio.o
                0x000000000800369c                HAL_GPIO_EXTI_IRQHandler
 .text.HAL_HSEM_IRQHandler
                0x00000000080036cc       0x34 Drivers/STM32WBxx_HAL_Driver/Src/stm32wbxx_hal_hsem.o
                0x00000000080036cc                HAL_HSEM_IRQHandler
 .text.HAL_HSEM_FreeCallback
                0x0000000008003700       0x14 Drivers/STM32WBxx_HAL_Driver/Src/stm32wbxx_hal_hsem.o
                0x0000000008003700                HAL_HSEM_FreeCallback
 .text.HAL_I2C_Init
                0x0000000008003714      0x11e Drivers/STM32WBxx_HAL_Driver/Src/stm32wbxx_hal_i2c.o
                0x0000000008003714                HAL_I2C_Init
 *fill*         0x0000000008003832        0x2 
 .text.HAL_I2C_Master_Transmit
                0x0000000008003834      0x1e8 Drivers/STM32WBxx_HAL_Driver/Src/stm32wbxx_hal_i2c.o
                0x0000000008003834                HAL_I2C_Master_Transmit
 .text.HAL_I2C_Mem_Write
                0x0000000008003a1c      0x228 Drivers/STM32WBxx_HAL_Driver/Src/stm32wbxx_hal_i2c.o
                0x0000000008003a1c                HAL_I2C_Mem_Write
 .text.HAL_I2C_Mem_Read
                0x0000000008003c44      0x234 Drivers/STM32WBxx_HAL_Driver/Src/stm32wbxx_hal_i2c.o
                0x0000000008003c44                HAL_I2C_Mem_Read
 .text.I2C_RequestMemoryWrite
                0x0000000008003e78       0xa8 Drivers/STM32WBxx_HAL_Driver/Src/stm32wbxx_hal_i2c.o
 .text.I2C_RequestMemoryRead
                0x0000000008003f20       0xa8 Drivers/STM32WBxx_HAL_Driver/Src/stm32wbxx_hal_i2c.o
 .text.I2C_Flush_TXDR
                0x0000000008003fc8       0x48 Drivers/STM32WBxx_HAL_Driver/Src/stm32wbxx_hal_i2c.o
 .text.I2C_WaitOnFlagUntilTimeout
                0x0000000008004010       0x80 Drivers/STM32WBxx_HAL_Driver/Src/stm32wbxx_hal_i2c.o
 .text.I2C_WaitOnTXISFlagUntilTimeout
                0x0000000008004090       0x80 Drivers/STM32WBxx_HAL_Driver/Src/stm32wbxx_hal_i2c.o
 .text.I2C_WaitOnSTOPFlagUntilTimeout
                0x0000000008004110       0x78 Drivers/STM32WBxx_HAL_Driver/Src/stm32wbxx_hal_i2c.o
 .text.I2C_IsAcknowledgeFailed
                0x0000000008004188       0xcc Drivers/STM32WBxx_HAL_Driver/Src/stm32wbxx_hal_i2c.o
 .text.I2C_TransferConfig
                0x0000000008004254       0x5c Drivers/STM32WBxx_HAL_Driver/Src/stm32wbxx_hal_i2c.o
 .text.HAL_I2CEx_ConfigAnalogFilter
                0x00000000080042b0       0x96 Drivers/STM32WBxx_HAL_Driver/Src/stm32wbxx_hal_i2c_ex.o
                0x00000000080042b0                HAL_I2CEx_ConfigAnalogFilter
 .text.HAL_I2CEx_ConfigDigitalFilter
                0x0000000008004346       0x98 Drivers/STM32WBxx_HAL_Driver/Src/stm32wbxx_hal_i2c_ex.o
                0x0000000008004346                HAL_I2CEx_ConfigDigitalFilter
 *fill*         0x00000000080043de        0x2 
 .text.HAL_PWR_EnableBkUpAccess
                0x00000000080043e0       0x20 Drivers/STM32WBxx_HAL_Driver/Src/stm32wbxx_hal_pwr.o
                0x00000000080043e0                HAL_PWR_EnableBkUpAccess
 .text.HAL_PWREx_GetVoltageRange
                0x0000000008004400       0x1c Drivers/STM32WBxx_HAL_Driver/Src/stm32wbxx_hal_pwr_ex.o
                0x0000000008004400                HAL_PWREx_GetVoltageRange
 .text.LL_RCC_HSE_IsEnabledDiv2
                0x000000000800441c       0x24 Drivers/STM32WBxx_HAL_Driver/Src/stm32wbxx_hal_rcc.o
 .text.LL_RCC_HSE_EnableBypass
                0x0000000008004440       0x1e Drivers/STM32WBxx_HAL_Driver/Src/stm32wbxx_hal_rcc.o
 .text.LL_RCC_HSE_DisableBypass
                0x000000000800445e       0x1e Drivers/STM32WBxx_HAL_Driver/Src/stm32wbxx_hal_rcc.o
 .text.LL_RCC_HSE_Enable
                0x000000000800447c       0x1e Drivers/STM32WBxx_HAL_Driver/Src/stm32wbxx_hal_rcc.o
 .text.LL_RCC_HSE_Disable
                0x000000000800449a       0x1e Drivers/STM32WBxx_HAL_Driver/Src/stm32wbxx_hal_rcc.o
 .text.LL_RCC_HSE_IsReady
                0x00000000080044b8       0x24 Drivers/STM32WBxx_HAL_Driver/Src/stm32wbxx_hal_rcc.o
 .text.LL_RCC_HSI_Enable
                0x00000000080044dc       0x1e Drivers/STM32WBxx_HAL_Driver/Src/stm32wbxx_hal_rcc.o
 .text.LL_RCC_HSI_Disable
                0x00000000080044fa       0x1e Drivers/STM32WBxx_HAL_Driver/Src/stm32wbxx_hal_rcc.o
 .text.LL_RCC_HSI_IsReady
                0x0000000008004518       0x24 Drivers/STM32WBxx_HAL_Driver/Src/stm32wbxx_hal_rcc.o
 .text.LL_RCC_HSI_SetCalibTrimming
                0x000000000800453c       0x2a Drivers/STM32WBxx_HAL_Driver/Src/stm32wbxx_hal_rcc.o
 .text.LL_RCC_HSI48_Enable
                0x0000000008004566       0x22 Drivers/STM32WBxx_HAL_Driver/Src/stm32wbxx_hal_rcc.o
 .text.LL_RCC_HSI48_Disable
                0x0000000008004588       0x22 Drivers/STM32WBxx_HAL_Driver/Src/stm32wbxx_hal_rcc.o
 .text.LL_RCC_HSI48_IsReady
                0x00000000080045aa       0x24 Drivers/STM32WBxx_HAL_Driver/Src/stm32wbxx_hal_rcc.o
 .text.LL_RCC_LSE_Enable
                0x00000000080045ce       0x22 Drivers/STM32WBxx_HAL_Driver/Src/stm32wbxx_hal_rcc.o
 .text.LL_RCC_LSE_Disable
                0x00000000080045f0       0x22 Drivers/STM32WBxx_HAL_Driver/Src/stm32wbxx_hal_rcc.o
 .text.LL_RCC_LSE_EnableBypass
                0x0000000008004612       0x22 Drivers/STM32WBxx_HAL_Driver/Src/stm32wbxx_hal_rcc.o
 .text.LL_RCC_LSE_DisableBypass
                0x0000000008004634       0x22 Drivers/STM32WBxx_HAL_Driver/Src/stm32wbxx_hal_rcc.o
 .text.LL_RCC_LSE_IsReady
                0x0000000008004656       0x24 Drivers/STM32WBxx_HAL_Driver/Src/stm32wbxx_hal_rcc.o
 .text.LL_RCC_LSI1_Enable
                0x000000000800467a       0x22 Drivers/STM32WBxx_HAL_Driver/Src/stm32wbxx_hal_rcc.o
 .text.LL_RCC_LSI1_Disable
                0x000000000800469c       0x22 Drivers/STM32WBxx_HAL_Driver/Src/stm32wbxx_hal_rcc.o
 .text.LL_RCC_LSI1_IsReady
                0x00000000080046be       0x24 Drivers/STM32WBxx_HAL_Driver/Src/stm32wbxx_hal_rcc.o
 .text.LL_RCC_LSI2_Enable
                0x00000000080046e2       0x22 Drivers/STM32WBxx_HAL_Driver/Src/stm32wbxx_hal_rcc.o
 .text.LL_RCC_LSI2_Disable
                0x0000000008004704       0x22 Drivers/STM32WBxx_HAL_Driver/Src/stm32wbxx_hal_rcc.o
 .text.LL_RCC_LSI2_IsReady
                0x0000000008004726       0x24 Drivers/STM32WBxx_HAL_Driver/Src/stm32wbxx_hal_rcc.o
 .text.LL_RCC_LSI2_SetTrimming
                0x000000000800474a       0x2e Drivers/STM32WBxx_HAL_Driver/Src/stm32wbxx_hal_rcc.o
 .text.LL_RCC_MSI_Enable
                0x0000000008004778       0x1e Drivers/STM32WBxx_HAL_Driver/Src/stm32wbxx_hal_rcc.o
 .text.LL_RCC_MSI_Disable
                0x0000000008004796       0x1e Drivers/STM32WBxx_HAL_Driver/Src/stm32wbxx_hal_rcc.o
 .text.LL_RCC_MSI_IsReady
                0x00000000080047b4       0x22 Drivers/STM32WBxx_HAL_Driver/Src/stm32wbxx_hal_rcc.o
 .text.LL_RCC_MSI_SetRange
                0x00000000080047d6       0x28 Drivers/STM32WBxx_HAL_Driver/Src/stm32wbxx_hal_rcc.o
 .text.LL_RCC_MSI_GetRange
                0x00000000080047fe       0x2a Drivers/STM32WBxx_HAL_Driver/Src/stm32wbxx_hal_rcc.o
 .text.LL_RCC_MSI_SetCalibTrimming
                0x0000000008004828       0x2a Drivers/STM32WBxx_HAL_Driver/Src/stm32wbxx_hal_rcc.o
 .text.LL_RCC_SetSysClkSource
                0x0000000008004852       0x28 Drivers/STM32WBxx_HAL_Driver/Src/stm32wbxx_hal_rcc.o
 .text.LL_RCC_GetSysClkSource
                0x000000000800487a       0x18 Drivers/STM32WBxx_HAL_Driver/Src/stm32wbxx_hal_rcc.o
 .text.LL_RCC_SetAHBPrescaler
                0x0000000008004892       0x28 Drivers/STM32WBxx_HAL_Driver/Src/stm32wbxx_hal_rcc.o
 .text.LL_C2_RCC_SetAHBPrescaler
                0x00000000080048ba       0x2c Drivers/STM32WBxx_HAL_Driver/Src/stm32wbxx_hal_rcc.o
 .text.LL_RCC_SetAHB4Prescaler
                0x00000000080048e6       0x2e Drivers/STM32WBxx_HAL_Driver/Src/stm32wbxx_hal_rcc.o
 .text.LL_RCC_SetAPB1Prescaler
                0x0000000008004914       0x28 Drivers/STM32WBxx_HAL_Driver/Src/stm32wbxx_hal_rcc.o
 .text.LL_RCC_SetAPB2Prescaler
                0x000000000800493c       0x28 Drivers/STM32WBxx_HAL_Driver/Src/stm32wbxx_hal_rcc.o
 .text.LL_RCC_GetAHBPrescaler
                0x0000000008004964       0x18 Drivers/STM32WBxx_HAL_Driver/Src/stm32wbxx_hal_rcc.o
 .text.LL_C2_RCC_GetAHBPrescaler
                0x000000000800497c       0x1a Drivers/STM32WBxx_HAL_Driver/Src/stm32wbxx_hal_rcc.o
 .text.LL_RCC_GetAHB4Prescaler
                0x0000000008004996       0x1c Drivers/STM32WBxx_HAL_Driver/Src/stm32wbxx_hal_rcc.o
 .text.LL_RCC_GetAPB1Prescaler
                0x00000000080049b2       0x18 Drivers/STM32WBxx_HAL_Driver/Src/stm32wbxx_hal_rcc.o
 .text.LL_RCC_GetAPB2Prescaler
                0x00000000080049ca       0x18 Drivers/STM32WBxx_HAL_Driver/Src/stm32wbxx_hal_rcc.o
 .text.LL_RCC_PLL_Enable
                0x00000000080049e2       0x1e Drivers/STM32WBxx_HAL_Driver/Src/stm32wbxx_hal_rcc.o
 .text.LL_RCC_PLL_Disable
                0x0000000008004a00       0x1e Drivers/STM32WBxx_HAL_Driver/Src/stm32wbxx_hal_rcc.o
 .text.LL_RCC_PLL_IsReady
                0x0000000008004a1e       0x24 Drivers/STM32WBxx_HAL_Driver/Src/stm32wbxx_hal_rcc.o
 .text.LL_RCC_PLL_GetN
                0x0000000008004a42       0x1a Drivers/STM32WBxx_HAL_Driver/Src/stm32wbxx_hal_rcc.o
 .text.LL_RCC_PLL_GetR
                0x0000000008004a5c       0x18 Drivers/STM32WBxx_HAL_Driver/Src/stm32wbxx_hal_rcc.o
 .text.LL_RCC_PLL_GetDivider
                0x0000000008004a74       0x18 Drivers/STM32WBxx_HAL_Driver/Src/stm32wbxx_hal_rcc.o
 .text.LL_RCC_PLL_GetMainSource
                0x0000000008004a8c       0x18 Drivers/STM32WBxx_HAL_Driver/Src/stm32wbxx_hal_rcc.o
 .text.LL_RCC_IsActiveFlag_HPRE
                0x0000000008004aa4       0x24 Drivers/STM32WBxx_HAL_Driver/Src/stm32wbxx_hal_rcc.o
 .text.LL_RCC_IsActiveFlag_C2HPRE
                0x0000000008004ac8       0x26 Drivers/STM32WBxx_HAL_Driver/Src/stm32wbxx_hal_rcc.o
 .text.LL_RCC_IsActiveFlag_SHDHPRE
                0x0000000008004aee       0x26 Drivers/STM32WBxx_HAL_Driver/Src/stm32wbxx_hal_rcc.o
 .text.LL_RCC_IsActiveFlag_PPRE1
                0x0000000008004b14       0x24 Drivers/STM32WBxx_HAL_Driver/Src/stm32wbxx_hal_rcc.o
 .text.LL_RCC_IsActiveFlag_PPRE2
                0x0000000008004b38       0x24 Drivers/STM32WBxx_HAL_Driver/Src/stm32wbxx_hal_rcc.o
 .text.HAL_RCC_OscConfig
                0x0000000008004b5c      0x728 Drivers/STM32WBxx_HAL_Driver/Src/stm32wbxx_hal_rcc.o
                0x0000000008004b5c                HAL_RCC_OscConfig
 .text.HAL_RCC_ClockConfig
                0x0000000008005284      0x278 Drivers/STM32WBxx_HAL_Driver/Src/stm32wbxx_hal_rcc.o
                0x0000000008005284                HAL_RCC_ClockConfig
 .text.HAL_RCC_GetSysClockFreq
                0x00000000080054fc       0xd4 Drivers/STM32WBxx_HAL_Driver/Src/stm32wbxx_hal_rcc.o
                0x00000000080054fc                HAL_RCC_GetSysClockFreq
 .text.HAL_RCC_GetHCLKFreq
                0x00000000080055d0       0x28 Drivers/STM32WBxx_HAL_Driver/Src/stm32wbxx_hal_rcc.o
                0x00000000080055d0                HAL_RCC_GetHCLKFreq
 .text.HAL_RCC_GetPCLK1Freq
                0x00000000080055f8       0x2c Drivers/STM32WBxx_HAL_Driver/Src/stm32wbxx_hal_rcc.o
                0x00000000080055f8                HAL_RCC_GetPCLK1Freq
 .text.HAL_RCC_GetClockConfig
                0x0000000008005624       0x64 Drivers/STM32WBxx_HAL_Driver/Src/stm32wbxx_hal_rcc.o
                0x0000000008005624                HAL_RCC_GetClockConfig
 .text.RCC_SetFlashLatencyFromMSIRange
                0x0000000008005688       0x70 Drivers/STM32WBxx_HAL_Driver/Src/stm32wbxx_hal_rcc.o
 .text.RCC_SetFlashLatency
                0x00000000080056f8      0x100 Drivers/STM32WBxx_HAL_Driver/Src/stm32wbxx_hal_rcc.o
 .text.LL_RCC_LSE_IsEnabled
                0x00000000080057f8       0x24 Drivers/STM32WBxx_HAL_Driver/Src/stm32wbxx_hal_rcc_ex.o
 .text.LL_RCC_LSE_IsReady
                0x000000000800581c       0x24 Drivers/STM32WBxx_HAL_Driver/Src/stm32wbxx_hal_rcc_ex.o
 .text.LL_RCC_SetRFWKPClockSource
                0x0000000008005840       0x2c Drivers/STM32WBxx_HAL_Driver/Src/stm32wbxx_hal_rcc_ex.o
 .text.LL_RCC_SetSMPSClockSource
                0x000000000800586c       0x28 Drivers/STM32WBxx_HAL_Driver/Src/stm32wbxx_hal_rcc_ex.o
 .text.LL_RCC_SetSMPSPrescaler
                0x0000000008005894       0x28 Drivers/STM32WBxx_HAL_Driver/Src/stm32wbxx_hal_rcc_ex.o
 .text.LL_RCC_SetUSARTClockSource
                0x00000000080058bc       0x2c Drivers/STM32WBxx_HAL_Driver/Src/stm32wbxx_hal_rcc_ex.o
 .text.LL_RCC_SetLPUARTClockSource
                0x00000000080058e8       0x2c Drivers/STM32WBxx_HAL_Driver/Src/stm32wbxx_hal_rcc_ex.o
 .text.LL_RCC_SetI2CClockSource
                0x0000000008005914       0x3a Drivers/STM32WBxx_HAL_Driver/Src/stm32wbxx_hal_rcc_ex.o
 .text.LL_RCC_SetLPTIMClockSource
                0x000000000800594e       0x34 Drivers/STM32WBxx_HAL_Driver/Src/stm32wbxx_hal_rcc_ex.o
 .text.LL_RCC_SetSAIClockSource
                0x0000000008005982       0x2c Drivers/STM32WBxx_HAL_Driver/Src/stm32wbxx_hal_rcc_ex.o
 .text.LL_RCC_SetRNGClockSource
                0x00000000080059ae       0x2c Drivers/STM32WBxx_HAL_Driver/Src/stm32wbxx_hal_rcc_ex.o
 .text.LL_RCC_SetCLK48ClockSource
                0x00000000080059da       0x2c Drivers/STM32WBxx_HAL_Driver/Src/stm32wbxx_hal_rcc_ex.o
 .text.LL_RCC_SetUSBClockSource
                0x0000000008005a06       0x16 Drivers/STM32WBxx_HAL_Driver/Src/stm32wbxx_hal_rcc_ex.o
 .text.LL_RCC_SetADCClockSource
                0x0000000008005a1c       0x2c Drivers/STM32WBxx_HAL_Driver/Src/stm32wbxx_hal_rcc_ex.o
 .text.LL_RCC_SetRTCClockSource
                0x0000000008005a48       0x2c Drivers/STM32WBxx_HAL_Driver/Src/stm32wbxx_hal_rcc_ex.o
 .text.LL_RCC_GetRTCClockSource
                0x0000000008005a74       0x1a Drivers/STM32WBxx_HAL_Driver/Src/stm32wbxx_hal_rcc_ex.o
 .text.LL_RCC_ForceBackupDomainReset
                0x0000000008005a8e       0x22 Drivers/STM32WBxx_HAL_Driver/Src/stm32wbxx_hal_rcc_ex.o
 .text.LL_RCC_ReleaseBackupDomainReset
                0x0000000008005ab0       0x22 Drivers/STM32WBxx_HAL_Driver/Src/stm32wbxx_hal_rcc_ex.o
 .text.LL_RCC_PLLSAI1_Enable
                0x0000000008005ad2       0x1e Drivers/STM32WBxx_HAL_Driver/Src/stm32wbxx_hal_rcc_ex.o
 .text.LL_RCC_PLLSAI1_Disable
                0x0000000008005af0       0x1e Drivers/STM32WBxx_HAL_Driver/Src/stm32wbxx_hal_rcc_ex.o
 .text.LL_RCC_PLLSAI1_IsReady
                0x0000000008005b0e       0x24 Drivers/STM32WBxx_HAL_Driver/Src/stm32wbxx_hal_rcc_ex.o
 .text.HAL_RCCEx_PeriphCLKConfig
                0x0000000008005b32      0x2ea Drivers/STM32WBxx_HAL_Driver/Src/stm32wbxx_hal_rcc_ex.o
                0x0000000008005b32                HAL_RCCEx_PeriphCLKConfig
 .text.RCCEx_PLLSAI1_ConfigNP
                0x0000000008005e1c       0xb6 Drivers/STM32WBxx_HAL_Driver/Src/stm32wbxx_hal_rcc_ex.o
 .text.RCCEx_PLLSAI1_ConfigNQ
                0x0000000008005ed2       0xb6 Drivers/STM32WBxx_HAL_Driver/Src/stm32wbxx_hal_rcc_ex.o
 .text.RCCEx_PLLSAI1_ConfigNR
                0x0000000008005f88       0xb6 Drivers/STM32WBxx_HAL_Driver/Src/stm32wbxx_hal_rcc_ex.o
 .text.HAL_RTC_Init
                0x000000000800603e      0x13c Drivers/STM32WBxx_HAL_Driver/Src/stm32wbxx_hal_rtc.o
                0x000000000800603e                HAL_RTC_Init
 .text.HAL_RTC_SetTime
                0x000000000800617a      0x188 Drivers/STM32WBxx_HAL_Driver/Src/stm32wbxx_hal_rtc.o
                0x000000000800617a                HAL_RTC_SetTime
 .text.HAL_RTC_GetTime
                0x0000000008006302       0xb8 Drivers/STM32WBxx_HAL_Driver/Src/stm32wbxx_hal_rtc.o
                0x0000000008006302                HAL_RTC_GetTime
 .text.HAL_RTC_SetDate
                0x00000000080063ba      0x15c Drivers/STM32WBxx_HAL_Driver/Src/stm32wbxx_hal_rtc.o
                0x00000000080063ba                HAL_RTC_SetDate
 .text.HAL_RTC_GetDate
                0x0000000008006516       0x9a Drivers/STM32WBxx_HAL_Driver/Src/stm32wbxx_hal_rtc.o
                0x0000000008006516                HAL_RTC_GetDate
 .text.HAL_RTC_WaitForSynchro
                0x00000000080065b0       0x4c Drivers/STM32WBxx_HAL_Driver/Src/stm32wbxx_hal_rtc.o
                0x00000000080065b0                HAL_RTC_WaitForSynchro
 .text.RTC_EnterInitMode
                0x00000000080065fc       0x54 Drivers/STM32WBxx_HAL_Driver/Src/stm32wbxx_hal_rtc.o
                0x00000000080065fc                RTC_EnterInitMode
 .text.RTC_ByteToBcd2
                0x0000000008006650       0x40 Drivers/STM32WBxx_HAL_Driver/Src/stm32wbxx_hal_rtc.o
                0x0000000008006650                RTC_ByteToBcd2
 .text.RTC_Bcd2ToByte
                0x0000000008006690       0x38 Drivers/STM32WBxx_HAL_Driver/Src/stm32wbxx_hal_rtc.o
                0x0000000008006690                RTC_Bcd2ToByte
 .text.HAL_SPI_Init
                0x00000000080066c8      0x146 Drivers/STM32WBxx_HAL_Driver/Src/stm32wbxx_hal_spi.o
                0x00000000080066c8                HAL_SPI_Init
 .text.HAL_SPI_Transmit
                0x000000000800680e      0x2dc Drivers/STM32WBxx_HAL_Driver/Src/stm32wbxx_hal_spi.o
                0x000000000800680e                HAL_SPI_Transmit
 *fill*         0x0000000008006aea        0x2 
 .text.SPI_WaitFlagStateUntilTimeout
                0x0000000008006aec      0x110 Drivers/STM32WBxx_HAL_Driver/Src/stm32wbxx_hal_spi.o
 .text.SPI_WaitFifoStateUntilTimeout
                0x0000000008006bfc      0x11c Drivers/STM32WBxx_HAL_Driver/Src/stm32wbxx_hal_spi.o
 .text.SPI_EndRxTxTransaction
                0x0000000008006d18       0x8c Drivers/STM32WBxx_HAL_Driver/Src/stm32wbxx_hal_spi.o
 .text.HAL_TIM_Base_Init
                0x0000000008006da4       0xae Drivers/STM32WBxx_HAL_Driver/Src/stm32wbxx_hal_tim.o
                0x0000000008006da4                HAL_TIM_Base_Init
 *fill*         0x0000000008006e52        0x2 
 .text.HAL_TIM_Base_Start_IT
                0x0000000008006e54       0x9c Drivers/STM32WBxx_HAL_Driver/Src/stm32wbxx_hal_tim.o
                0x0000000008006e54                HAL_TIM_Base_Start_IT
 .text.HAL_TIM_PWM_Init
                0x0000000008006ef0       0xae Drivers/STM32WBxx_HAL_Driver/Src/stm32wbxx_hal_tim.o
                0x0000000008006ef0                HAL_TIM_PWM_Init
 .text.HAL_TIM_PWM_MspInit
                0x0000000008006f9e       0x14 Drivers/STM32WBxx_HAL_Driver/Src/stm32wbxx_hal_tim.o
                0x0000000008006f9e                HAL_TIM_PWM_MspInit
 *fill*         0x0000000008006fb2        0x2 
 .text.HAL_TIM_PWM_Start
                0x0000000008006fb4      0x1b4 Drivers/STM32WBxx_HAL_Driver/Src/stm32wbxx_hal_tim.o
                0x0000000008006fb4                HAL_TIM_PWM_Start
 .text.HAL_TIM_PWM_Stop
                0x0000000008007168      0x110 Drivers/STM32WBxx_HAL_Driver/Src/stm32wbxx_hal_tim.o
                0x0000000008007168                HAL_TIM_PWM_Stop
 .text.HAL_TIM_IRQHandler
                0x0000000008007278      0x23e Drivers/STM32WBxx_HAL_Driver/Src/stm32wbxx_hal_tim.o
                0x0000000008007278                HAL_TIM_IRQHandler
 *fill*         0x00000000080074b6        0x2 
 .text.HAL_TIM_PWM_ConfigChannel
                0x00000000080074b8      0x220 Drivers/STM32WBxx_HAL_Driver/Src/stm32wbxx_hal_tim.o
                0x00000000080074b8                HAL_TIM_PWM_ConfigChannel
 .text.HAL_TIM_ConfigClockSource
                0x00000000080076d8      0x172 Drivers/STM32WBxx_HAL_Driver/Src/stm32wbxx_hal_tim.o
                0x00000000080076d8                HAL_TIM_ConfigClockSource
 .text.HAL_TIM_OC_DelayElapsedCallback
                0x000000000800784a       0x14 Drivers/STM32WBxx_HAL_Driver/Src/stm32wbxx_hal_tim.o
                0x000000000800784a                HAL_TIM_OC_DelayElapsedCallback
 .text.HAL_TIM_IC_CaptureCallback
                0x000000000800785e       0x14 Drivers/STM32WBxx_HAL_Driver/Src/stm32wbxx_hal_tim.o
                0x000000000800785e                HAL_TIM_IC_CaptureCallback
 .text.HAL_TIM_PWM_PulseFinishedCallback
                0x0000000008007872       0x14 Drivers/STM32WBxx_HAL_Driver/Src/stm32wbxx_hal_tim.o
                0x0000000008007872                HAL_TIM_PWM_PulseFinishedCallback
 .text.HAL_TIM_TriggerCallback
                0x0000000008007886       0x14 Drivers/STM32WBxx_HAL_Driver/Src/stm32wbxx_hal_tim.o
                0x0000000008007886                HAL_TIM_TriggerCallback
 *fill*         0x000000000800789a        0x2 
 .text.TIM_Base_SetConfig
                0x000000000800789c       0xc8 Drivers/STM32WBxx_HAL_Driver/Src/stm32wbxx_hal_tim.o
                0x000000000800789c                TIM_Base_SetConfig
 .text.TIM_OC1_SetConfig
                0x0000000008007964       0xf8 Drivers/STM32WBxx_HAL_Driver/Src/stm32wbxx_hal_tim.o
 .text.TIM_OC2_SetConfig
                0x0000000008007a5c       0xf4 Drivers/STM32WBxx_HAL_Driver/Src/stm32wbxx_hal_tim.o
                0x0000000008007a5c                TIM_OC2_SetConfig
 .text.TIM_OC3_SetConfig
                0x0000000008007b50       0xf0 Drivers/STM32WBxx_HAL_Driver/Src/stm32wbxx_hal_tim.o
 .text.TIM_OC4_SetConfig
                0x0000000008007c40       0xbc Drivers/STM32WBxx_HAL_Driver/Src/stm32wbxx_hal_tim.o
 .text.TIM_OC5_SetConfig
                0x0000000008007cfc       0xb0 Drivers/STM32WBxx_HAL_Driver/Src/stm32wbxx_hal_tim.o
 .text.TIM_OC6_SetConfig
                0x0000000008007dac       0xb4 Drivers/STM32WBxx_HAL_Driver/Src/stm32wbxx_hal_tim.o
 .text.TIM_TI1_ConfigInputStage
                0x0000000008007e60       0x5e Drivers/STM32WBxx_HAL_Driver/Src/stm32wbxx_hal_tim.o
 .text.TIM_TI2_ConfigInputStage
                0x0000000008007ebe       0x60 Drivers/STM32WBxx_HAL_Driver/Src/stm32wbxx_hal_tim.o
 .text.TIM_ITRx_SetConfig
                0x0000000008007f1e       0x3a Drivers/STM32WBxx_HAL_Driver/Src/stm32wbxx_hal_tim.o
 .text.TIM_ETR_SetConfig
                0x0000000008007f58       0x40 Drivers/STM32WBxx_HAL_Driver/Src/stm32wbxx_hal_tim.o
                0x0000000008007f58                TIM_ETR_SetConfig
 .text.TIM_CCxChannelCmd
                0x0000000008007f98       0x4a Drivers/STM32WBxx_HAL_Driver/Src/stm32wbxx_hal_tim.o
                0x0000000008007f98                TIM_CCxChannelCmd
 *fill*         0x0000000008007fe2        0x2 
 .text.HAL_TIMEx_MasterConfigSynchronization
                0x0000000008007fe4       0xc0 Drivers/STM32WBxx_HAL_Driver/Src/stm32wbxx_hal_tim_ex.o
                0x0000000008007fe4                HAL_TIMEx_MasterConfigSynchronization
 .text.HAL_TIMEx_ConfigBreakDeadTime
                0x00000000080080a4      0x120 Drivers/STM32WBxx_HAL_Driver/Src/stm32wbxx_hal_tim_ex.o
                0x00000000080080a4                HAL_TIMEx_ConfigBreakDeadTime
 .text.HAL_TIMEx_CommutCallback
                0x00000000080081c4       0x14 Drivers/STM32WBxx_HAL_Driver/Src/stm32wbxx_hal_tim_ex.o
                0x00000000080081c4                HAL_TIMEx_CommutCallback
 .text.HAL_TIMEx_BreakCallback
                0x00000000080081d8       0x14 Drivers/STM32WBxx_HAL_Driver/Src/stm32wbxx_hal_tim_ex.o
                0x00000000080081d8                HAL_TIMEx_BreakCallback
 .text.HAL_TIMEx_Break2Callback
                0x00000000080081ec       0x14 Drivers/STM32WBxx_HAL_Driver/Src/stm32wbxx_hal_tim_ex.o
                0x00000000080081ec                HAL_TIMEx_Break2Callback
 .text.SVC_Setup
                0x0000000008008200        0xe Middlewares/Third_Party/FreeRTOS/Source/CMSIS_RTOS_V2/cmsis_os2.o
 *fill*         0x000000000800820e        0x2 
 .text.osKernelInitialize
                0x0000000008008210       0x68 Middlewares/Third_Party/FreeRTOS/Source/CMSIS_RTOS_V2/cmsis_os2.o
                0x0000000008008210                osKernelInitialize
 .text.osKernelStart
                0x0000000008008278       0x6c Middlewares/Third_Party/FreeRTOS/Source/CMSIS_RTOS_V2/cmsis_os2.o
                0x0000000008008278                osKernelStart
 .text.osThreadNew
                0x00000000080082e4      0x14c Middlewares/Third_Party/FreeRTOS/Source/CMSIS_RTOS_V2/cmsis_os2.o
                0x00000000080082e4                osThreadNew
 .text.osDelay  0x0000000008008430       0x5c Middlewares/Third_Party/FreeRTOS/Source/CMSIS_RTOS_V2/cmsis_os2.o
                0x0000000008008430                osDelay
 .text.osMutexNew
                0x000000000800848c      0x134 Middlewares/Third_Party/FreeRTOS/Source/CMSIS_RTOS_V2/cmsis_os2.o
                0x000000000800848c                osMutexNew
 .text.osMutexAcquire
                0x00000000080085c0       0xbc Middlewares/Third_Party/FreeRTOS/Source/CMSIS_RTOS_V2/cmsis_os2.o
                0x00000000080085c0                osMutexAcquire
 .text.osMutexRelease
                0x000000000800867c       0xa0 Middlewares/Third_Party/FreeRTOS/Source/CMSIS_RTOS_V2/cmsis_os2.o
                0x000000000800867c                osMutexRelease
 .text.osMessageQueueNew
                0x000000000800871c      0x10c Middlewares/Third_Party/FreeRTOS/Source/CMSIS_RTOS_V2/cmsis_os2.o
                0x000000000800871c                osMessageQueueNew
 .text.osMessageQueuePut
                0x0000000008008828       0xe8 Middlewares/Third_Party/FreeRTOS/Source/CMSIS_RTOS_V2/cmsis_os2.o
                0x0000000008008828                osMessageQueuePut
 .text.vApplicationGetIdleTaskMemory
                0x0000000008008910       0x34 Middlewares/Third_Party/FreeRTOS/Source/CMSIS_RTOS_V2/cmsis_os2.o
                0x0000000008008910                vApplicationGetIdleTaskMemory
 .text.vApplicationGetTimerTaskMemory
                0x0000000008008944       0x34 Middlewares/Third_Party/FreeRTOS/Source/CMSIS_RTOS_V2/cmsis_os2.o
                0x0000000008008944                vApplicationGetTimerTaskMemory
 .text.vListInitialise
                0x0000000008008978       0x40 Middlewares/Third_Party/FreeRTOS/Source/list.o
                0x0000000008008978                vListInitialise
 .text.vListInitialiseItem
                0x00000000080089b8       0x1a Middlewares/Third_Party/FreeRTOS/Source/list.o
                0x00000000080089b8                vListInitialiseItem
 .text.vListInsertEnd
                0x00000000080089d2       0x48 Middlewares/Third_Party/FreeRTOS/Source/list.o
                0x00000000080089d2                vListInsertEnd
 .text.vListInsert
                0x0000000008008a1a       0x72 Middlewares/Third_Party/FreeRTOS/Source/list.o
                0x0000000008008a1a                vListInsert
 .text.uxListRemove
                0x0000000008008a8c       0x54 Middlewares/Third_Party/FreeRTOS/Source/list.o
                0x0000000008008a8c                uxListRemove
 .text.xQueueGenericReset
                0x0000000008008ae0       0xd0 Middlewares/Third_Party/FreeRTOS/Source/queue.o
                0x0000000008008ae0                xQueueGenericReset
 .text.xQueueGenericCreateStatic
                0x0000000008008bb0       0xe6 Middlewares/Third_Party/FreeRTOS/Source/queue.o
                0x0000000008008bb0                xQueueGenericCreateStatic
 .text.xQueueGenericCreate
                0x0000000008008c96       0x7e Middlewares/Third_Party/FreeRTOS/Source/queue.o
                0x0000000008008c96                xQueueGenericCreate
 .text.prvInitialiseNewQueue
                0x0000000008008d14       0x46 Middlewares/Third_Party/FreeRTOS/Source/queue.o
 .text.prvInitialiseMutex
                0x0000000008008d5a       0x34 Middlewares/Third_Party/FreeRTOS/Source/queue.o
 .text.xQueueCreateMutex
                0x0000000008008d8e       0x30 Middlewares/Third_Party/FreeRTOS/Source/queue.o
                0x0000000008008d8e                xQueueCreateMutex
 .text.xQueueCreateMutexStatic
                0x0000000008008dbe       0x36 Middlewares/Third_Party/FreeRTOS/Source/queue.o
                0x0000000008008dbe                xQueueCreateMutexStatic
 .text.xQueueGiveMutexRecursive
                0x0000000008008df4       0x66 Middlewares/Third_Party/FreeRTOS/Source/queue.o
                0x0000000008008df4                xQueueGiveMutexRecursive
 .text.xQueueTakeMutexRecursive
                0x0000000008008e5a       0x6a Middlewares/Third_Party/FreeRTOS/Source/queue.o
                0x0000000008008e5a                xQueueTakeMutexRecursive
 .text.xQueueGenericSend
                0x0000000008008ec4      0x1f4 Middlewares/Third_Party/FreeRTOS/Source/queue.o
                0x0000000008008ec4                xQueueGenericSend
 .text.xQueueGenericSendFromISR
                0x00000000080090b8      0x128 Middlewares/Third_Party/FreeRTOS/Source/queue.o
                0x00000000080090b8                xQueueGenericSendFromISR
 .text.xQueueReceive
                0x00000000080091e0      0x1b8 Middlewares/Third_Party/FreeRTOS/Source/queue.o
                0x00000000080091e0                xQueueReceive
 .text.xQueueSemaphoreTake
                0x0000000008009398      0x210 Middlewares/Third_Party/FreeRTOS/Source/queue.o
                0x0000000008009398                xQueueSemaphoreTake
 .text.prvGetDisinheritPriorityAfterTimeout
                0x00000000080095a8       0x30 Middlewares/Third_Party/FreeRTOS/Source/queue.o
 .text.prvCopyDataToQueue
                0x00000000080095d8       0xd4 Middlewares/Third_Party/FreeRTOS/Source/queue.o
 .text.prvCopyDataFromQueue
                0x00000000080096ac       0x4c Middlewares/Third_Party/FreeRTOS/Source/queue.o
 .text.prvUnlockQueue
                0x00000000080096f8       0xa4 Middlewares/Third_Party/FreeRTOS/Source/queue.o
 .text.prvIsQueueEmpty
                0x000000000800979c       0x2c Middlewares/Third_Party/FreeRTOS/Source/queue.o
 .text.prvIsQueueFull
                0x00000000080097c8       0x30 Middlewares/Third_Party/FreeRTOS/Source/queue.o
 .text.vQueueAddToRegistry
                0x00000000080097f8       0x50 Middlewares/Third_Party/FreeRTOS/Source/queue.o
                0x00000000080097f8                vQueueAddToRegistry
 .text.vQueueWaitForMessageRestricted
                0x0000000008009848       0x68 Middlewares/Third_Party/FreeRTOS/Source/queue.o
                0x0000000008009848                vQueueWaitForMessageRestricted
 .text.xTaskCreateStatic
                0x00000000080098b0       0xb4 Middlewares/Third_Party/FreeRTOS/Source/tasks.o
                0x00000000080098b0                xTaskCreateStatic
 .text.xTaskCreate
                0x0000000008009964       0x8a Middlewares/Third_Party/FreeRTOS/Source/tasks.o
                0x0000000008009964                xTaskCreate
 .text.prvInitialiseNewTask
                0x00000000080099ee      0x128 Middlewares/Third_Party/FreeRTOS/Source/tasks.o
 *fill*         0x0000000008009b16        0x2 
 .text.prvAddNewTaskToReadyList
                0x0000000008009b18       0xe0 Middlewares/Third_Party/FreeRTOS/Source/tasks.o
 .text.vTaskDelay
                0x0000000008009bf8       0x68 Middlewares/Third_Party/FreeRTOS/Source/tasks.o
                0x0000000008009bf8                vTaskDelay
 .text.vTaskStartScheduler
                0x0000000008009c60       0xcc Middlewares/Third_Party/FreeRTOS/Source/tasks.o
                0x0000000008009c60                vTaskStartScheduler
 .text.vTaskSuspendAll
                0x0000000008009d2c       0x1c Middlewares/Third_Party/FreeRTOS/Source/tasks.o
                0x0000000008009d2c                vTaskSuspendAll
 .text.xTaskResumeAll
                0x0000000008009d48      0x138 Middlewares/Third_Party/FreeRTOS/Source/tasks.o
                0x0000000008009d48                xTaskResumeAll
 .text.xTaskGetTickCount
                0x0000000008009e80       0x20 Middlewares/Third_Party/FreeRTOS/Source/tasks.o
                0x0000000008009e80                xTaskGetTickCount
 .text.xTaskIncrementTick
                0x0000000008009ea0      0x170 Middlewares/Third_Party/FreeRTOS/Source/tasks.o
                0x0000000008009ea0                xTaskIncrementTick
 .text.vTaskSwitchContext
                0x000000000800a010       0xf0 Middlewares/Third_Party/FreeRTOS/Source/tasks.o
                0x000000000800a010                vTaskSwitchContext
 .text.vTaskPlaceOnEventList
                0x000000000800a100       0x48 Middlewares/Third_Party/FreeRTOS/Source/tasks.o
                0x000000000800a100                vTaskPlaceOnEventList
 .text.vTaskPlaceOnEventListRestricted
                0x000000000800a148       0x54 Middlewares/Third_Party/FreeRTOS/Source/tasks.o
                0x000000000800a148                vTaskPlaceOnEventListRestricted
 .text.xTaskRemoveFromEventList
                0x000000000800a19c       0xc4 Middlewares/Third_Party/FreeRTOS/Source/tasks.o
                0x000000000800a19c                xTaskRemoveFromEventList
 .text.vTaskInternalSetTimeOutState
                0x000000000800a260       0x2c Middlewares/Third_Party/FreeRTOS/Source/tasks.o
                0x000000000800a260                vTaskInternalSetTimeOutState
 .text.xTaskCheckForTimeOut
                0x000000000800a28c       0xc0 Middlewares/Third_Party/FreeRTOS/Source/tasks.o
                0x000000000800a28c                xTaskCheckForTimeOut
 .text.vTaskMissedYield
                0x000000000800a34c       0x18 Middlewares/Third_Party/FreeRTOS/Source/tasks.o
                0x000000000800a34c                vTaskMissedYield
 .text.prvIdleTask
                0x000000000800a364       0x30 Middlewares/Third_Party/FreeRTOS/Source/tasks.o
 .text.prvInitialiseTaskLists
                0x000000000800a394       0x80 Middlewares/Third_Party/FreeRTOS/Source/tasks.o
 .text.prvCheckTasksWaitingTermination
                0x000000000800a414       0x58 Middlewares/Third_Party/FreeRTOS/Source/tasks.o
 .text.prvDeleteTCB
                0x000000000800a46c       0x5c Middlewares/Third_Party/FreeRTOS/Source/tasks.o
 .text.prvResetNextTaskUnblockTime
                0x000000000800a4c8       0x40 Middlewares/Third_Party/FreeRTOS/Source/tasks.o
 .text.xTaskGetCurrentTaskHandle
                0x000000000800a508       0x20 Middlewares/Third_Party/FreeRTOS/Source/tasks.o
                0x000000000800a508                xTaskGetCurrentTaskHandle
 .text.xTaskGetSchedulerState
                0x000000000800a528       0x3c Middlewares/Third_Party/FreeRTOS/Source/tasks.o
                0x000000000800a528                xTaskGetSchedulerState
 .text.xTaskPriorityInherit
                0x000000000800a564       0xd0 Middlewares/Third_Party/FreeRTOS/Source/tasks.o
                0x000000000800a564                xTaskPriorityInherit
 .text.xTaskPriorityDisinherit
                0x000000000800a634       0xd8 Middlewares/Third_Party/FreeRTOS/Source/tasks.o
                0x000000000800a634                xTaskPriorityDisinherit
 .text.vTaskPriorityDisinheritAfterTimeout
                0x000000000800a70c      0x100 Middlewares/Third_Party/FreeRTOS/Source/tasks.o
                0x000000000800a70c                vTaskPriorityDisinheritAfterTimeout
 .text.pvTaskIncrementMutexHeldCount
                0x000000000800a80c       0x28 Middlewares/Third_Party/FreeRTOS/Source/tasks.o
                0x000000000800a80c                pvTaskIncrementMutexHeldCount
 .text.ulTaskNotifyTake
                0x000000000800a834       0x90 Middlewares/Third_Party/FreeRTOS/Source/tasks.o
                0x000000000800a834                ulTaskNotifyTake
 .text.xTaskNotifyWait
                0x000000000800a8c4       0xb4 Middlewares/Third_Party/FreeRTOS/Source/tasks.o
                0x000000000800a8c4                xTaskNotifyWait
 .text.xTaskGenericNotify
                0x000000000800a978      0x168 Middlewares/Third_Party/FreeRTOS/Source/tasks.o
                0x000000000800a978                xTaskGenericNotify
 .text.xTaskGenericNotifyFromISR
                0x000000000800aae0      0x1b0 Middlewares/Third_Party/FreeRTOS/Source/tasks.o
                0x000000000800aae0                xTaskGenericNotifyFromISR
 .text.prvAddCurrentTaskToDelayedList
                0x000000000800ac90       0xa8 Middlewares/Third_Party/FreeRTOS/Source/tasks.o
 .text.xTimerCreateTimerTask
                0x000000000800ad38       0x90 Middlewares/Third_Party/FreeRTOS/Source/timers.o
                0x000000000800ad38                xTimerCreateTimerTask
 .text.xTimerGenericCommand
                0x000000000800adc8       0x98 Middlewares/Third_Party/FreeRTOS/Source/timers.o
                0x000000000800adc8                xTimerGenericCommand
 .text.prvProcessExpiredTimer
                0x000000000800ae60       0x98 Middlewares/Third_Party/FreeRTOS/Source/timers.o
 .text.prvTimerTask
                0x000000000800aef8       0x24 Middlewares/Third_Party/FreeRTOS/Source/timers.o
 .text.prvProcessTimerOrBlockTask
                0x000000000800af1c       0x9c Middlewares/Third_Party/FreeRTOS/Source/timers.o
 .text.prvGetNextExpireTime
                0x000000000800afb8       0x48 Middlewares/Third_Party/FreeRTOS/Source/timers.o
 .text.prvSampleTimeNow
                0x000000000800b000       0x40 Middlewares/Third_Party/FreeRTOS/Source/timers.o
 .text.prvInsertTimerInActiveList
                0x000000000800b040       0x84 Middlewares/Third_Party/FreeRTOS/Source/timers.o
 .text.prvProcessReceivedCommands
                0x000000000800b0c4      0x1b8 Middlewares/Third_Party/FreeRTOS/Source/timers.o
 .text.prvSwitchTimerLists
                0x000000000800b27c       0xc8 Middlewares/Third_Party/FreeRTOS/Source/timers.o
 .text.prvCheckForValidListAndQueue
                0x000000000800b344       0x80 Middlewares/Third_Party/FreeRTOS/Source/timers.o
 .text.pxPortInitialiseStack
                0x000000000800b3c4       0x68 Middlewares/Third_Party/FreeRTOS/Source/portable/GCC/ARM_CM4F/port.o
                0x000000000800b3c4                pxPortInitialiseStack
 .text.prvTaskExitError
                0x000000000800b42c       0x54 Middlewares/Third_Party/FreeRTOS/Source/portable/GCC/ARM_CM4F/port.o
 .text.SVC_Handler
                0x000000000800b480       0x28 Middlewares/Third_Party/FreeRTOS/Source/portable/GCC/ARM_CM4F/port.o
                0x000000000800b480                SVC_Handler
 .text.prvPortStartFirstTask
                0x000000000800b4a8       0x28 Middlewares/Third_Party/FreeRTOS/Source/portable/GCC/ARM_CM4F/port.o
 .text.xPortStartScheduler
                0x000000000800b4d0      0x13c Middlewares/Third_Party/FreeRTOS/Source/portable/GCC/ARM_CM4F/port.o
                0x000000000800b4d0                xPortStartScheduler
 .text.vPortEnterCritical
                0x000000000800b60c       0x5c Middlewares/Third_Party/FreeRTOS/Source/portable/GCC/ARM_CM4F/port.o
                0x000000000800b60c                vPortEnterCritical
 .text.vPortExitCritical
                0x000000000800b668       0x50 Middlewares/Third_Party/FreeRTOS/Source/portable/GCC/ARM_CM4F/port.o
                0x000000000800b668                vPortExitCritical
 *fill*         0x000000000800b6b8        0x8 
 .text.PendSV_Handler
                0x000000000800b6c0       0x68 Middlewares/Third_Party/FreeRTOS/Source/portable/GCC/ARM_CM4F/port.o
                0x000000000800b6c0                PendSV_Handler
 .text.SysTick_Handler
                0x000000000800b728       0x40 Middlewares/Third_Party/FreeRTOS/Source/portable/GCC/ARM_CM4F/port.o
                0x000000000800b728                SysTick_Handler
 .text.vPortSetupTimerInterrupt
                0x000000000800b768       0x48 Middlewares/Third_Party/FreeRTOS/Source/portable/GCC/ARM_CM4F/port.o
                0x000000000800b768                vPortSetupTimerInterrupt
 .text.vPortEnableVFP
                0x000000000800b7b0       0x14 Middlewares/Third_Party/FreeRTOS/Source/portable/GCC/ARM_CM4F/port.o
 .text.vPortValidateInterruptPriority
                0x000000000800b7c4       0x7c Middlewares/Third_Party/FreeRTOS/Source/portable/GCC/ARM_CM4F/port.o
                0x000000000800b7c4                vPortValidateInterruptPriority
 .text.pvPortMalloc
                0x000000000800b840      0x184 Middlewares/Third_Party/FreeRTOS/Source/portable/MemMang/heap_4.o
                0x000000000800b840                pvPortMalloc
 .text.vPortFree
                0x000000000800b9c4       0xb0 Middlewares/Third_Party/FreeRTOS/Source/portable/MemMang/heap_4.o
                0x000000000800b9c4                vPortFree
 .text.prvHeapInit
                0x000000000800ba74       0xc4 Middlewares/Third_Party/FreeRTOS/Source/portable/MemMang/heap_4.o
 .text.prvInsertBlockIntoFreeList
                0x000000000800bb38       0xb4 Middlewares/Third_Party/FreeRTOS/Source/portable/MemMang/heap_4.o
 .text.__errno  0x000000000800bbec        0xc c:/st/stm32cubeide_1.1.0/stm32cubeide/plugins/com.st.stm32cube.ide.mcu.externaltools.gnu-tools-for-stm32.7-2018-q2-update.win32_1.4.0.202007081208/tools/bin/../lib/gcc/arm-none-eabi/7.3.1/../../../../arm-none-eabi/lib/thumb/v7e-m/fpv4-sp/hard\libc_nano.a(lib_a-errno.o)
                0x000000000800bbec                __errno
 .text.__libc_init_array
                0x000000000800bbf8       0x48 c:/st/stm32cubeide_1.1.0/stm32cubeide/plugins/com.st.stm32cube.ide.mcu.externaltools.gnu-tools-for-stm32.7-2018-q2-update.win32_1.4.0.202007081208/tools/bin/../lib/gcc/arm-none-eabi/7.3.1/../../../../arm-none-eabi/lib/thumb/v7e-m/fpv4-sp/hard\libc_nano.a(lib_a-init.o)
                0x000000000800bbf8                __libc_init_array
 .text.malloc   0x000000000800bc40       0x10 c:/st/stm32cubeide_1.1.0/stm32cubeide/plugins/com.st.stm32cube.ide.mcu.externaltools.gnu-tools-for-stm32.7-2018-q2-update.win32_1.4.0.202007081208/tools/bin/../lib/gcc/arm-none-eabi/7.3.1/../../../../arm-none-eabi/lib/thumb/v7e-m/fpv4-sp/hard\libc_nano.a(lib_a-malloc.o)
                0x000000000800bc40                malloc
 .text.memcpy   0x000000000800bc50       0x16 c:/st/stm32cubeide_1.1.0/stm32cubeide/plugins/com.st.stm32cube.ide.mcu.externaltools.gnu-tools-for-stm32.7-2018-q2-update.win32_1.4.0.202007081208/tools/bin/../lib/gcc/arm-none-eabi/7.3.1/../../../../arm-none-eabi/lib/thumb/v7e-m/fpv4-sp/hard\libc_nano.a(lib_a-memcpy-stub.o)
                0x000000000800bc50                memcpy
 .text.memset   0x000000000800bc66       0x10 c:/st/stm32cubeide_1.1.0/stm32cubeide/plugins/com.st.stm32cube.ide.mcu.externaltools.gnu-tools-for-stm32.7-2018-q2-update.win32_1.4.0.202007081208/tools/bin/../lib/gcc/arm-none-eabi/7.3.1/../../../../arm-none-eabi/lib/thumb/v7e-m/fpv4-sp/hard\libc_nano.a(lib_a-memset.o)
                0x000000000800bc66                memset
 *fill*         0x000000000800bc76        0x2 
 .text._free_r  0x000000000800bc78       0x9c c:/st/stm32cubeide_1.1.0/stm32cubeide/plugins/com.st.stm32cube.ide.mcu.externaltools.gnu-tools-for-stm32.7-2018-q2-update.win32_1.4.0.202007081208/tools/bin/../lib/gcc/arm-none-eabi/7.3.1/../../../../arm-none-eabi/lib/thumb/v7e-m/fpv4-sp/hard\libc_nano.a(lib_a-nano-freer.o)
                0x000000000800bc78                _free_r
 .text._malloc_r
                0x000000000800bd14       0xb4 c:/st/stm32cubeide_1.1.0/stm32cubeide/plugins/com.st.stm32cube.ide.mcu.externaltools.gnu-tools-for-stm32.7-2018-q2-update.win32_1.4.0.202007081208/tools/bin/../lib/gcc/arm-none-eabi/7.3.1/../../../../arm-none-eabi/lib/thumb/v7e-m/fpv4-sp/hard\libc_nano.a(lib_a-nano-mallocr.o)
                0x000000000800bd14                _malloc_r
 .text._sbrk_r  0x000000000800bdc8       0x20 c:/st/stm32cubeide_1.1.0/stm32cubeide/plugins/com.st.stm32cube.ide.mcu.externaltools.gnu-tools-for-stm32.7-2018-q2-update.win32_1.4.0.202007081208/tools/bin/../lib/gcc/arm-none-eabi/7.3.1/../../../../arm-none-eabi/lib/thumb/v7e-m/fpv4-sp/hard\libc_nano.a(lib_a-sbrkr.o)
                0x000000000800bdc8                _sbrk_r
 .text.sprintf  0x000000000800bde8       0x40 c:/st/stm32cubeide_1.1.0/stm32cubeide/plugins/com.st.stm32cube.ide.mcu.externaltools.gnu-tools-for-stm32.7-2018-q2-update.win32_1.4.0.202007081208/tools/bin/../lib/gcc/arm-none-eabi/7.3.1/../../../../arm-none-eabi/lib/thumb/v7e-m/fpv4-sp/hard\libc_nano.a(lib_a-sprintf.o)
                0x000000000800bde8                siprintf
                0x000000000800bde8                sprintf
 .text.strncpy  0x000000000800be28       0x2a c:/st/stm32cubeide_1.1.0/stm32cubeide/plugins/com.st.stm32cube.ide.mcu.externaltools.gnu-tools-for-stm32.7-2018-q2-update.win32_1.4.0.202007081208/tools/bin/../lib/gcc/arm-none-eabi/7.3.1/../../../../arm-none-eabi/lib/thumb/v7e-m/fpv4-sp/hard\libc_nano.a(lib_a-strncpy.o)
                0x000000000800be28                strncpy
 .text.__malloc_lock
                0x000000000800be52        0x2 c:/st/stm32cubeide_1.1.0/stm32cubeide/plugins/com.st.stm32cube.ide.mcu.externaltools.gnu-tools-for-stm32.7-2018-q2-update.win32_1.4.0.202007081208/tools/bin/../lib/gcc/arm-none-eabi/7.3.1/../../../../arm-none-eabi/lib/thumb/v7e-m/fpv4-sp/hard\libc_nano.a(lib_a-mlock.o)
                0x000000000800be52                __malloc_lock
 .text.__malloc_unlock
                0x000000000800be54        0x2 c:/st/stm32cubeide_1.1.0/stm32cubeide/plugins/com.st.stm32cube.ide.mcu.externaltools.gnu-tools-for-stm32.7-2018-q2-update.win32_1.4.0.202007081208/tools/bin/../lib/gcc/arm-none-eabi/7.3.1/../../../../arm-none-eabi/lib/thumb/v7e-m/fpv4-sp/hard\libc_nano.a(lib_a-mlock.o)
                0x000000000800be54                __malloc_unlock
 .text.__ssputs_r
                0x000000000800be56       0xb4 c:/st/stm32cubeide_1.1.0/stm32cubeide/plugins/com.st.stm32cube.ide.mcu.externaltools.gnu-tools-for-stm32.7-2018-q2-update.win32_1.4.0.202007081208/tools/bin/../lib/gcc/arm-none-eabi/7.3.1/../../../../arm-none-eabi/lib/thumb/v7e-m/fpv4-sp/hard\libc_nano.a(lib_a-nano-svfprintf.o)
                0x000000000800be56                __ssputs_r
 *fill*         0x000000000800bf0a        0x2 
 .text._svfprintf_r
                0x000000000800bf0c      0x1f0 c:/st/stm32cubeide_1.1.0/stm32cubeide/plugins/com.st.stm32cube.ide.mcu.externaltools.gnu-tools-for-stm32.7-2018-q2-update.win32_1.4.0.202007081208/tools/bin/../lib/gcc/arm-none-eabi/7.3.1/../../../../arm-none-eabi/lib/thumb/v7e-m/fpv4-sp/hard\libc_nano.a(lib_a-nano-svfprintf.o)
                0x000000000800bf0c                _svfiprintf_r
                0x000000000800bf0c                _svfprintf_r
 .text._printf_common
                0x000000000800c0fc       0xea c:/st/stm32cubeide_1.1.0/stm32cubeide/plugins/com.st.stm32cube.ide.mcu.externaltools.gnu-tools-for-stm32.7-2018-q2-update.win32_1.4.0.202007081208/tools/bin/../lib/gcc/arm-none-eabi/7.3.1/../../../../arm-none-eabi/lib/thumb/v7e-m/fpv4-sp/hard\libc_nano.a(lib_a-nano-vfprintf_i.o)
                0x000000000800c0fc                _printf_common
 *fill*         0x000000000800c1e6        0x2 
 .text._printf_i
                0x000000000800c1e8      0x224 c:/st/stm32cubeide_1.1.0/stm32cubeide/plugins/com.st.stm32cube.ide.mcu.externaltools.gnu-tools-for-stm32.7-2018-q2-update.win32_1.4.0.202007081208/tools/bin/../lib/gcc/arm-none-eabi/7.3.1/../../../../arm-none-eabi/lib/thumb/v7e-m/fpv4-sp/hard\libc_nano.a(lib_a-nano-vfprintf_i.o)
                0x000000000800c1e8                _printf_i
 .text.memmove  0x000000000800c40c       0x32 c:/st/stm32cubeide_1.1.0/stm32cubeide/plugins/com.st.stm32cube.ide.mcu.externaltools.gnu-tools-for-stm32.7-2018-q2-update.win32_1.4.0.202007081208/tools/bin/../lib/gcc/arm-none-eabi/7.3.1/../../../../arm-none-eabi/lib/thumb/v7e-m/fpv4-sp/hard\libc_nano.a(lib_a-memmove.o)
                0x000000000800c40c                memmove
 .text._realloc_r
                0x000000000800c43e       0x4c c:/st/stm32cubeide_1.1.0/stm32cubeide/plugins/com.st.stm32cube.ide.mcu.externaltools.gnu-tools-for-stm32.7-2018-q2-update.win32_1.4.0.202007081208/tools/bin/../lib/gcc/arm-none-eabi/7.3.1/../../../../arm-none-eabi/lib/thumb/v7e-m/fpv4-sp/hard\libc_nano.a(lib_a-nano-reallocr.o)
                0x000000000800c43e                _realloc_r
 .text._malloc_usable_size_r
                0x000000000800c48a       0x10 c:/st/stm32cubeide_1.1.0/stm32cubeide/plugins/com.st.stm32cube.ide.mcu.externaltools.gnu-tools-for-stm32.7-2018-q2-update.win32_1.4.0.202007081208/tools/bin/../lib/gcc/arm-none-eabi/7.3.1/../../../../arm-none-eabi/lib/thumb/v7e-m/fpv4-sp/hard\libc_nano.a(lib_a-nano-msizer.o)
                0x000000000800c48a                _malloc_usable_size_r
 *fill*         0x000000000800c49a        0x2 
 .text.round    0x000000000800c49c       0x94 c:/st/stm32cubeide_1.1.0/stm32cubeide/plugins/com.st.stm32cube.ide.mcu.externaltools.gnu-tools-for-stm32.7-2018-q2-update.win32_1.4.0.202007081208/tools/bin/../lib/gcc/arm-none-eabi/7.3.1/../../../../arm-none-eabi/lib/thumb/v7e-m/fpv4-sp/hard\libm.a(lib_a-s_round.o)
                0x000000000800c49c                round
 *(.glue_7)
 .glue_7        0x000000000800c530        0x0 linker stubs
 *(.glue_7t)
 .glue_7t       0x000000000800c530        0x0 linker stubs
 *(.eh_frame)
 .eh_frame      0x000000000800c530        0x0 c:/st/stm32cubeide_1.1.0/stm32cubeide/plugins/com.st.stm32cube.ide.mcu.externaltools.gnu-tools-for-stm32.7-2018-q2-update.win32_1.4.0.202007081208/tools/bin/../lib/gcc/arm-none-eabi/7.3.1/thumb/v7e-m/fpv4-sp/hard/crtbegin.o
 *(.init)
 .init          0x000000000800c530        0x4 c:/st/stm32cubeide_1.1.0/stm32cubeide/plugins/com.st.stm32cube.ide.mcu.externaltools.gnu-tools-for-stm32.7-2018-q2-update.win32_1.4.0.202007081208/tools/bin/../lib/gcc/arm-none-eabi/7.3.1/thumb/v7e-m/fpv4-sp/hard/crti.o
                0x000000000800c530                _init
 .init          0x000000000800c534        0x8 c:/st/stm32cubeide_1.1.0/stm32cubeide/plugins/com.st.stm32cube.ide.mcu.externaltools.gnu-tools-for-stm32.7-2018-q2-update.win32_1.4.0.202007081208/tools/bin/../lib/gcc/arm-none-eabi/7.3.1/thumb/v7e-m/fpv4-sp/hard/crtn.o
 *(.fini)
 .fini          0x000000000800c53c        0x4 c:/st/stm32cubeide_1.1.0/stm32cubeide/plugins/com.st.stm32cube.ide.mcu.externaltools.gnu-tools-for-stm32.7-2018-q2-update.win32_1.4.0.202007081208/tools/bin/../lib/gcc/arm-none-eabi/7.3.1/thumb/v7e-m/fpv4-sp/hard/crti.o
                0x000000000800c53c                _fini
 .fini          0x000000000800c540        0x8 c:/st/stm32cubeide_1.1.0/stm32cubeide/plugins/com.st.stm32cube.ide.mcu.externaltools.gnu-tools-for-stm32.7-2018-q2-update.win32_1.4.0.202007081208/tools/bin/../lib/gcc/arm-none-eabi/7.3.1/thumb/v7e-m/fpv4-sp/hard/crtn.o
                0x000000000800c548                . = ALIGN (0x4)
                0x000000000800c548                _etext = .

.vfp11_veneer   0x000000000800c548        0x0
 .vfp11_veneer  0x000000000800c548        0x0 linker stubs

.v4_bx          0x000000000800c548        0x0
 .v4_bx         0x000000000800c548        0x0 linker stubs

.iplt           0x000000000800c548        0x0
 .iplt          0x000000000800c548        0x0 c:/st/stm32cubeide_1.1.0/stm32cubeide/plugins/com.st.stm32cube.ide.mcu.externaltools.gnu-tools-for-stm32.7-2018-q2-update.win32_1.4.0.202007081208/tools/bin/../lib/gcc/arm-none-eabi/7.3.1/thumb/v7e-m/fpv4-sp/hard/crtbegin.o

.rodata         0x000000000800c548     0x13ec
                0x000000000800c548                . = ALIGN (0x4)
 *(.rodata)
 .rodata        0x000000000800c548      0x10a Core/Src/main.o
 *fill*         0x000000000800c652        0x2 
 .rodata        0x000000000800c654       0x2c Drivers/STM32WBxx_HAL_Driver/Src/stm32wbxx_hal_rcc.o
 .rodata        0x000000000800c680        0x5 Middlewares/Third_Party/FreeRTOS/Source/tasks.o
 *fill*         0x000000000800c685        0x3 
 .rodata        0x000000000800c688        0xd Middlewares/Third_Party/FreeRTOS/Source/timers.o
 *(.rodata*)
 *fill*         0x000000000800c695        0x3 
 .rodata.Font1206
                0x000000000800c698      0x474 Core/Src/er_oled.o
 .rodata.Font1608
                0x000000000800cb0c      0x5f0 Core/Src/er_oled.o
 .rodata.Font3216
                0x000000000800d0fc      0x2c0 Core/Src/er_oled.o
 .rodata.MAP_ANGLE_REAL
                0x000000000800d3bc       0x24 Core/Src/iqs263.o
 .rodata.MAP_ANGLE_MEASURED
                0x000000000800d3e0       0x24 Core/Src/iqs263.o
 .rodata.PIC1   0x000000000800d404      0x168 Core/Src/main.o
 .rodata.PIC2   0x000000000800d56c      0x168 Core/Src/main.o
 .rodata.screenUpdate_attributes
                0x000000000800d6d4       0x24 Core/Src/main.o
                0x000000000800d6d4                screenUpdate_attributes
 .rodata.LEDControl_attributes
                0x000000000800d6f8       0x24 Core/Src/main.o
                0x000000000800d6f8                LEDControl_attributes
 .rodata.buttonPress_attributes
                0x000000000800d71c       0x24 Core/Src/main.o
                0x000000000800d71c                buttonPress_attributes
 .rodata.vibrateControl_attributes
                0x000000000800d740       0x24 Core/Src/main.o
                0x000000000800d740                vibrateControl_attributes
 .rodata.rtcSecondTick_attributes
                0x000000000800d764       0x24 Core/Src/main.o
                0x000000000800d764                rtcSecondTick_attributes
 .rodata.bleTX_attributes
                0x000000000800d788       0x24 Core/Src/main.o
                0x000000000800d788                bleTX_attributes
 .rodata.bleRX_attributes
                0x000000000800d7ac       0x24 Core/Src/main.o
                0x000000000800d7ac                bleRX_attributes
 .rodata.LEDTimer_attributes
                0x000000000800d7d0       0x24 Core/Src/main.o
                0x000000000800d7d0                LEDTimer_attributes
 .rodata.touchRead_attributes
                0x000000000800d7f4       0x24 Core/Src/main.o
                0x000000000800d7f4                touchRead_attributes
 .rodata.bleTXqueue_attributes
                0x000000000800d818       0x18 Core/Src/main.o
                0x000000000800d818                bleTXqueue_attributes
 .rodata.rtcMutex_attributes
                0x000000000800d830       0x10 Core/Src/main.o
                0x000000000800d830                rtcMutex_attributes
 .rodata.screenTextMutex_attributes
                0x000000000800d840       0x10 Core/Src/main.o
                0x000000000800d840                screenTextMutex_attributes
 .rodata.ledStateMutex_attributes
                0x000000000800d850       0x10 Core/Src/main.o
                0x000000000800d850                ledStateMutex_attributes
 .rodata.AHBPrescTable
                0x000000000800d860       0x40 Core/Src/system_stm32wbxx.o
                0x000000000800d860                AHBPrescTable
 .rodata.APBPrescTable
                0x000000000800d8a0       0x20 Core/Src/system_stm32wbxx.o
                0x000000000800d8a0                APBPrescTable
 .rodata.MSIRangeTable
                0x000000000800d8c0       0x40 Core/Src/system_stm32wbxx.o
                0x000000000800d8c0                MSIRangeTable
 .rodata._svfprintf_r.str1.1
                0x000000000800d900       0x11 c:/st/stm32cubeide_1.1.0/stm32cubeide/plugins/com.st.stm32cube.ide.mcu.externaltools.gnu-tools-for-stm32.7-2018-q2-update.win32_1.4.0.202007081208/tools/bin/../lib/gcc/arm-none-eabi/7.3.1/../../../../arm-none-eabi/lib/thumb/v7e-m/fpv4-sp/hard\libc_nano.a(lib_a-nano-svfprintf.o)
 .rodata._printf_i.str1.1
                0x000000000800d911       0x22 c:/st/stm32cubeide_1.1.0/stm32cubeide/plugins/com.st.stm32cube.ide.mcu.externaltools.gnu-tools-for-stm32.7-2018-q2-update.win32_1.4.0.202007081208/tools/bin/../lib/gcc/arm-none-eabi/7.3.1/../../../../arm-none-eabi/lib/thumb/v7e-m/fpv4-sp/hard\libc_nano.a(lib_a-nano-vfprintf_i.o)
                0x000000000800d934                . = ALIGN (0x4)
 *fill*         0x000000000800d933        0x1 

.rel.dyn        0x000000000800d934        0x0
 .rel.iplt      0x000000000800d934        0x0 c:/st/stm32cubeide_1.1.0/stm32cubeide/plugins/com.st.stm32cube.ide.mcu.externaltools.gnu-tools-for-stm32.7-2018-q2-update.win32_1.4.0.202007081208/tools/bin/../lib/gcc/arm-none-eabi/7.3.1/thumb/v7e-m/fpv4-sp/hard/crtbegin.o

.ARM.extab
 *(.ARM.extab* .gnu.linkonce.armextab.*)

.ARM            0x000000000800d934        0x0
                0x000000000800d934                __exidx_start = .
 *(.ARM.exidx*)
                0x000000000800d934                __exidx_end = .

.preinit_array  0x000000000800d934        0x0
                0x000000000800d934                PROVIDE (__preinit_array_start = .)
 *(.preinit_array*)
                0x000000000800d934                PROVIDE (__preinit_array_end = .)

.init_array     0x000000000800d934        0x4
                0x000000000800d934                PROVIDE (__init_array_start = .)
 *(SORT_BY_NAME(.init_array.*))
 *(.init_array*)
 .init_array    0x000000000800d934        0x4 c:/st/stm32cubeide_1.1.0/stm32cubeide/plugins/com.st.stm32cube.ide.mcu.externaltools.gnu-tools-for-stm32.7-2018-q2-update.win32_1.4.0.202007081208/tools/bin/../lib/gcc/arm-none-eabi/7.3.1/thumb/v7e-m/fpv4-sp/hard/crtbegin.o
                0x000000000800d938                PROVIDE (__init_array_end = .)

.fini_array     0x000000000800d938        0x4
                [!provide]                        PROVIDE (__fini_array_start = .)
 *(SORT_BY_NAME(.fini_array.*))
 *(.fini_array*)
 .fini_array    0x000000000800d938        0x4 c:/st/stm32cubeide_1.1.0/stm32cubeide/plugins/com.st.stm32cube.ide.mcu.externaltools.gnu-tools-for-stm32.7-2018-q2-update.win32_1.4.0.202007081208/tools/bin/../lib/gcc/arm-none-eabi/7.3.1/thumb/v7e-m/fpv4-sp/hard/crtbegin.o
                [!provide]                        PROVIDE (__fini_array_end = .)
                0x000000000800d93c                _sidata = LOADADDR (.data)

.data           0x0000000020000004       0x74 load address 0x000000000800d93c
                0x0000000020000004                . = ALIGN (0x4)
                0x0000000020000004                _sdata = .
 *(.data)
 *(.data*)
 .data.SystemCoreClock
                0x0000000020000004        0x4 Core/Src/system_stm32wbxx.o
                0x0000000020000004                SystemCoreClock
 .data.uwTickPrio
                0x0000000020000008        0x4 Drivers/STM32WBxx_HAL_Driver/Src/stm32wbxx_hal.o
                0x0000000020000008                uwTickPrio
 .data.uwTickFreq
                0x000000002000000c        0x1 Drivers/STM32WBxx_HAL_Driver/Src/stm32wbxx_hal.o
                0x000000002000000c                uwTickFreq
 *fill*         0x000000002000000d        0x3 
 .data.uxCriticalNesting
                0x0000000020000010        0x4 Middlewares/Third_Party/FreeRTOS/Source/portable/GCC/ARM_CM4F/port.o
 .data._impure_ptr
                0x0000000020000014        0x4 c:/st/stm32cubeide_1.1.0/stm32cubeide/plugins/com.st.stm32cube.ide.mcu.externaltools.gnu-tools-for-stm32.7-2018-q2-update.win32_1.4.0.202007081208/tools/bin/../lib/gcc/arm-none-eabi/7.3.1/../../../../arm-none-eabi/lib/thumb/v7e-m/fpv4-sp/hard\libc_nano.a(lib_a-impure.o)
                0x0000000020000014                _impure_ptr
 .data.impure_data
                0x0000000020000018       0x60 c:/st/stm32cubeide_1.1.0/stm32cubeide/plugins/com.st.stm32cube.ide.mcu.externaltools.gnu-tools-for-stm32.7-2018-q2-update.win32_1.4.0.202007081208/tools/bin/../lib/gcc/arm-none-eabi/7.3.1/../../../../arm-none-eabi/lib/thumb/v7e-m/fpv4-sp/hard\libc_nano.a(lib_a-impure.o)
                0x0000000020000078                . = ALIGN (0x4)
                0x0000000020000078                _edata = .

.igot.plt       0x0000000020000078        0x0 load address 0x000000000800d9b0
 .igot.plt      0x0000000020000078        0x0 c:/st/stm32cubeide_1.1.0/stm32cubeide/plugins/com.st.stm32cube.ide.mcu.externaltools.gnu-tools-for-stm32.7-2018-q2-update.win32_1.4.0.202007081208/tools/bin/../lib/gcc/arm-none-eabi/7.3.1/thumb/v7e-m/fpv4-sp/hard/crtbegin.o
                0x0000000020000078                . = ALIGN (0x4)

.bss            0x0000000020000078     0x3adc load address 0x000000000800d9b0
                0x0000000020000078                _sbss = .
                0x0000000020000078                __bss_start__ = _sbss
 *(.bss)
 .bss           0x0000000020000078       0x1c c:/st/stm32cubeide_1.1.0/stm32cubeide/plugins/com.st.stm32cube.ide.mcu.externaltools.gnu-tools-for-stm32.7-2018-q2-update.win32_1.4.0.202007081208/tools/bin/../lib/gcc/arm-none-eabi/7.3.1/thumb/v7e-m/fpv4-sp/hard/crtbegin.o
 *(.bss*)
 .bss.__sbrk_heap_end
                0x0000000020000094        0x4 Core/Src/sysmem.o
 .bss.KernelState
                0x0000000020000098        0x4 Middlewares/Third_Party/FreeRTOS/Source/CMSIS_RTOS_V2/cmsis_os2.o
 .bss.Idle_TCB  0x000000002000009c       0x64 Middlewares/Third_Party/FreeRTOS/Source/CMSIS_RTOS_V2/cmsis_os2.o
 .bss.Idle_Stack
                0x0000000020000100      0x200 Middlewares/Third_Party/FreeRTOS/Source/CMSIS_RTOS_V2/cmsis_os2.o
 .bss.Timer_TCB
                0x0000000020000300       0x64 Middlewares/Third_Party/FreeRTOS/Source/CMSIS_RTOS_V2/cmsis_os2.o
 .bss.Timer_Stack
                0x0000000020000364      0x800 Middlewares/Third_Party/FreeRTOS/Source/CMSIS_RTOS_V2/cmsis_os2.o
 .bss.pxCurrentTCB
                0x0000000020000b64        0x4 Middlewares/Third_Party/FreeRTOS/Source/tasks.o
                0x0000000020000b64                pxCurrentTCB
 .bss.pxReadyTasksLists
                0x0000000020000b68      0x460 Middlewares/Third_Party/FreeRTOS/Source/tasks.o
 .bss.xDelayedTaskList1
                0x0000000020000fc8       0x14 Middlewares/Third_Party/FreeRTOS/Source/tasks.o
 .bss.xDelayedTaskList2
                0x0000000020000fdc       0x14 Middlewares/Third_Party/FreeRTOS/Source/tasks.o
 .bss.pxDelayedTaskList
                0x0000000020000ff0        0x4 Middlewares/Third_Party/FreeRTOS/Source/tasks.o
 .bss.pxOverflowDelayedTaskList
                0x0000000020000ff4        0x4 Middlewares/Third_Party/FreeRTOS/Source/tasks.o
 .bss.xPendingReadyList
                0x0000000020000ff8       0x14 Middlewares/Third_Party/FreeRTOS/Source/tasks.o
 .bss.xTasksWaitingTermination
                0x000000002000100c       0x14 Middlewares/Third_Party/FreeRTOS/Source/tasks.o
 .bss.uxDeletedTasksWaitingCleanUp
                0x0000000020001020        0x4 Middlewares/Third_Party/FreeRTOS/Source/tasks.o
 .bss.xSuspendedTaskList
                0x0000000020001024       0x14 Middlewares/Third_Party/FreeRTOS/Source/tasks.o
 .bss.uxCurrentNumberOfTasks
                0x0000000020001038        0x4 Middlewares/Third_Party/FreeRTOS/Source/tasks.o
 .bss.xTickCount
                0x000000002000103c        0x4 Middlewares/Third_Party/FreeRTOS/Source/tasks.o
 .bss.uxTopReadyPriority
                0x0000000020001040        0x4 Middlewares/Third_Party/FreeRTOS/Source/tasks.o
 .bss.xSchedulerRunning
                0x0000000020001044        0x4 Middlewares/Third_Party/FreeRTOS/Source/tasks.o
 .bss.uxPendedTicks
                0x0000000020001048        0x4 Middlewares/Third_Party/FreeRTOS/Source/tasks.o
 .bss.xYieldPending
                0x000000002000104c        0x4 Middlewares/Third_Party/FreeRTOS/Source/tasks.o
 .bss.xNumOfOverflows
                0x0000000020001050        0x4 Middlewares/Third_Party/FreeRTOS/Source/tasks.o
 .bss.uxTaskNumber
                0x0000000020001054        0x4 Middlewares/Third_Party/FreeRTOS/Source/tasks.o
 .bss.xNextTaskUnblockTime
                0x0000000020001058        0x4 Middlewares/Third_Party/FreeRTOS/Source/tasks.o
 .bss.xIdleTaskHandle
                0x000000002000105c        0x4 Middlewares/Third_Party/FreeRTOS/Source/tasks.o
 .bss.uxSchedulerSuspended
                0x0000000020001060        0x4 Middlewares/Third_Party/FreeRTOS/Source/tasks.o
 .bss.ulTaskSwitchedInTime
                0x0000000020001064        0x4 Middlewares/Third_Party/FreeRTOS/Source/tasks.o
 .bss.ulTotalRunTime
                0x0000000020001068        0x4 Middlewares/Third_Party/FreeRTOS/Source/tasks.o
 .bss.xActiveTimerList1
                0x000000002000106c       0x14 Middlewares/Third_Party/FreeRTOS/Source/timers.o
 .bss.xActiveTimerList2
                0x0000000020001080       0x14 Middlewares/Third_Party/FreeRTOS/Source/timers.o
 .bss.pxCurrentTimerList
                0x0000000020001094        0x4 Middlewares/Third_Party/FreeRTOS/Source/timers.o
 .bss.pxOverflowTimerList
                0x0000000020001098        0x4 Middlewares/Third_Party/FreeRTOS/Source/timers.o
 .bss.xTimerQueue
                0x000000002000109c        0x4 Middlewares/Third_Party/FreeRTOS/Source/timers.o
 .bss.xTimerTaskHandle
                0x00000000200010a0        0x4 Middlewares/Third_Party/FreeRTOS/Source/timers.o
 .bss.xLastTime.6747
                0x00000000200010a4        0x4 Middlewares/Third_Party/FreeRTOS/Source/timers.o
 .bss.ucStaticTimerQueueStorage.6798
                0x00000000200010a8       0xa0 Middlewares/Third_Party/FreeRTOS/Source/timers.o
 .bss.xStaticTimerQueue.6797
                0x0000000020001148       0x50 Middlewares/Third_Party/FreeRTOS/Source/timers.o
 .bss.ucMaxSysCallPriority