stm32wbxx_hal_tim.c:277:19:HAL_TIM_Base_Init	16	static
stm32wbxx_hal_tim.c:336:19:HAL_TIM_Base_DeInit	16	static
stm32wbxx_hal_tim.c:379:13:HAL_TIM_Base_MspInit	16	static
stm32wbxx_hal_tim.c:394:13:HAL_TIM_Base_MspDeInit	16	static
stm32wbxx_hal_tim.c:410:19:HAL_TIM_Base_Start	24	static
stm32wbxx_hal_tim.c:449:19:HAL_TIM_Base_Stop	16	static
stm32wbxx_hal_tim.c:469:19:HAL_TIM_Base_Start_IT	24	static
stm32wbxx_hal_tim.c:511:19:HAL_TIM_Base_Stop_IT	16	static
stm32wbxx_hal_tim.c:536:19:HAL_TIM_Base_Start_DMA	32	static
stm32wbxx_hal_tim.c:603:19:HAL_TIM_Base_Stop_DMA	16	static
stm32wbxx_hal_tim.c:658:19:HAL_TIM_OC_Init	16	static
stm32wbxx_hal_tim.c:717:19:HAL_TIM_OC_DeInit	16	static
stm32wbxx_hal_tim.c:760:13:HAL_TIM_OC_MspInit	16	static
stm32wbxx_hal_tim.c:775:13:HAL_TIM_OC_MspDeInit	16	static
stm32wbxx_hal_tim.c:798:19:HAL_TIM_OC_Start	24	static
stm32wbxx_hal_tim.c:854:19:HAL_TIM_OC_Stop	16	static
stm32wbxx_hal_tim.c:889:19:HAL_TIM_OC_Start_IT	24	static
stm32wbxx_hal_tim.c:977:19:HAL_TIM_OC_Stop_IT	16	static
stm32wbxx_hal_tim.c:1048:19:HAL_TIM_OC_Start_DMA	32	static
stm32wbxx_hal_tim.c:1198:19:HAL_TIM_OC_Stop_DMA	16	static
stm32wbxx_hal_tim.c:1295:19:HAL_TIM_PWM_Init	16	static
stm32wbxx_hal_tim.c:1354:19:HAL_TIM_PWM_DeInit	16	static
stm32wbxx_hal_tim.c:1397:13:HAL_TIM_PWM_MspInit	16	static
stm32wbxx_hal_tim.c:1412:13:HAL_TIM_PWM_MspDeInit	16	static
stm32wbxx_hal_tim.c:1435:19:HAL_TIM_PWM_Start	24	static
stm32wbxx_hal_tim.c:1491:19:HAL_TIM_PWM_Stop	16	static
stm32wbxx_hal_tim.c:1526:19:HAL_TIM_PWM_Start_IT	24	static
stm32wbxx_hal_tim.c:1613:19:HAL_TIM_PWM_Stop_IT	16	static
stm32wbxx_hal_tim.c:1684:19:HAL_TIM_PWM_Start_DMA	32	static
stm32wbxx_hal_tim.c:1833:19:HAL_TIM_PWM_Stop_DMA	16	static
stm32wbxx_hal_tim.c:1930:19:HAL_TIM_IC_Init	16	static
stm32wbxx_hal_tim.c:1989:19:HAL_TIM_IC_DeInit	16	static
stm32wbxx_hal_tim.c:2032:13:HAL_TIM_IC_MspInit	16	static
stm32wbxx_hal_tim.c:2047:13:HAL_TIM_IC_MspDeInit	16	static
stm32wbxx_hal_tim.c:2068:19:HAL_TIM_IC_Start	24	static
stm32wbxx_hal_tim.c:2120:19:HAL_TIM_IC_Stop	16	static
stm32wbxx_hal_tim.c:2150:19:HAL_TIM_IC_Start_IT	24	static
stm32wbxx_hal_tim.c:2235:19:HAL_TIM_IC_Stop_IT	16	static
stm32wbxx_hal_tim.c:2301:19:HAL_TIM_IC_Start_DMA	32	static
stm32wbxx_hal_tim.c:2449:19:HAL_TIM_IC_Stop_DMA	16	static
stm32wbxx_hal_tim.c:2548:19:HAL_TIM_OnePulse_Init	16	static
stm32wbxx_hal_tim.c:2616:19:HAL_TIM_OnePulse_DeInit	16	static
stm32wbxx_hal_tim.c:2661:13:HAL_TIM_OnePulse_MspInit	16	static
stm32wbxx_hal_tim.c:2676:13:HAL_TIM_OnePulse_MspDeInit	16	static
stm32wbxx_hal_tim.c:2695:19:HAL_TIM_OnePulse_Start	24	static
stm32wbxx_hal_tim.c:2751:19:HAL_TIM_OnePulse_Stop	16	static
stm32wbxx_hal_tim.c:2793:19:HAL_TIM_OnePulse_Start_IT	24	static
stm32wbxx_hal_tim.c:2855:19:HAL_TIM_OnePulse_Stop_IT	16	static
stm32wbxx_hal_tim.c:2934:19:HAL_TIM_Encoder_Init	32	static
stm32wbxx_hal_tim.c:3048:19:HAL_TIM_Encoder_DeInit	16	static
stm32wbxx_hal_tim.c:3093:13:HAL_TIM_Encoder_MspInit	16	static
stm32wbxx_hal_tim.c:3108:13:HAL_TIM_Encoder_MspDeInit	16	static
stm32wbxx_hal_tim.c:3128:19:HAL_TIM_Encoder_Start	24	static
stm32wbxx_hal_tim.c:3222:19:HAL_TIM_Encoder_Stop	16	static
stm32wbxx_hal_tim.c:3282:19:HAL_TIM_Encoder_Start_IT	24	static
stm32wbxx_hal_tim.c:3382:19:HAL_TIM_Encoder_Stop_IT	16	static
stm32wbxx_hal_tim.c:3447:19:HAL_TIM_Encoder_Start_DMA	32	static
stm32wbxx_hal_tim.c:3651:19:HAL_TIM_Encoder_Stop_DMA	16	static
stm32wbxx_hal_tim.c:3728:6:HAL_TIM_IRQHandler	16	static
stm32wbxx_hal_tim.c:3958:19:HAL_TIM_OC_ConfigChannel	24	static
stm32wbxx_hal_tim.c:4054:19:HAL_TIM_IC_ConfigChannel	24	static
stm32wbxx_hal_tim.c:4149:19:HAL_TIM_PWM_ConfigChannel	24	static
stm32wbxx_hal_tim.c:4294:19:HAL_TIM_OnePulse_ConfigChannel	56	static
stm32wbxx_hal_tim.c:4439:19:HAL_TIM_DMABurst_WriteStart	24	static
stm32wbxx_hal_tim.c:4606:19:HAL_TIM_DMABurst_WriteStop	24	static
stm32wbxx_hal_tim.c:4711:19:HAL_TIM_DMABurst_ReadStart	24	static
stm32wbxx_hal_tim.c:4875:19:HAL_TIM_DMABurst_ReadStop	24	static
stm32wbxx_hal_tim.c:4957:19:HAL_TIM_GenerateEvent	16	static
stm32wbxx_hal_tim.c:4996:19:HAL_TIM_ConfigOCrefClear	24	static
stm32wbxx_hal_tim.c:5167:19:HAL_TIM_ConfigClockSource	24	static
stm32wbxx_hal_tim.c:5319:19:HAL_TIM_ConfigTI1Input	24	static
stm32wbxx_hal_tim.c:5351:19:HAL_TIM_SlaveConfigSynchro	16	static
stm32wbxx_hal_tim.c:5391:19:HAL_TIM_SlaveConfigSynchro_IT	16	static
stm32wbxx_hal_tim.c:5434:10:HAL_TIM_ReadCapturedValue	24	static
stm32wbxx_hal_tim.c:5518:13:HAL_TIM_PeriodElapsedCallback	16	static
stm32wbxx_hal_tim.c:5533:13:HAL_TIM_PeriodElapsedHalfCpltCallback	16	static
stm32wbxx_hal_tim.c:5548:13:HAL_TIM_OC_DelayElapsedCallback	16	static
stm32wbxx_hal_tim.c:5563:13:HAL_TIM_IC_CaptureCallback	16	static
stm32wbxx_hal_tim.c:5578:13:HAL_TIM_IC_CaptureHalfCpltCallback	16	static
stm32wbxx_hal_tim.c:5593:13:HAL_TIM_PWM_PulseFinishedCallback	16	static
stm32wbxx_hal_tim.c:5608:13:HAL_TIM_PWM_PulseFinishedHalfCpltCallback	16	static
stm32wbxx_hal_tim.c:5623:13:HAL_TIM_TriggerCallback	16	static
stm32wbxx_hal_tim.c:5638:13:HAL_TIM_TriggerHalfCpltCallback	16	static
stm32wbxx_hal_tim.c:5653:13:HAL_TIM_ErrorCallback	16	static
stm32wbxx_hal_tim.c:6180:22:HAL_TIM_Base_GetState	16	static
stm32wbxx_hal_tim.c:6190:22:HAL_TIM_OC_GetState	16	static
stm32wbxx_hal_tim.c:6200:22:HAL_TIM_PWM_GetState	16	static
stm32wbxx_hal_tim.c:6210:22:HAL_TIM_IC_GetState	16	static
stm32wbxx_hal_tim.c:6220:22:HAL_TIM_OnePulse_GetState	16	static
stm32wbxx_hal_tim.c:6230:22:HAL_TIM_Encoder_GetState	16	static
stm32wbxx_hal_tim.c:6240:23:HAL_TIM_GetActiveChannel	16	static
stm32wbxx_hal_tim.c:6258:29:HAL_TIM_GetChannelState	24	static
stm32wbxx_hal_tim.c:6275:30:HAL_TIM_DMABurstState	16	static
stm32wbxx_hal_tim.c:6300:6:TIM_DMAError	24	static
stm32wbxx_hal_tim.c:6343:6:TIM_DMADelayPulseCplt	24	static
stm32wbxx_hal_tim.c:6402:6:TIM_DMADelayPulseHalfCplt	24	static
stm32wbxx_hal_tim.c:6441:6:TIM_DMACaptureCplt	24	static
stm32wbxx_hal_tim.c:6504:6:TIM_DMACaptureHalfCplt	24	static
stm32wbxx_hal_tim.c:6543:13:TIM_DMAPeriodElapsedCplt	24	static
stm32wbxx_hal_tim.c:6564:13:TIM_DMAPeriodElapsedHalfCplt	24	static
stm32wbxx_hal_tim.c:6580:13:TIM_DMATriggerCplt	24	static
stm32wbxx_hal_tim.c:6601:13:TIM_DMATriggerHalfCplt	24	static
stm32wbxx_hal_tim.c:6618:6:TIM_Base_SetConfig	24	static
stm32wbxx_hal_tim.c:6666:13:TIM_OC1_SetConfig	32	static
stm32wbxx_hal_tim.c:6741:6:TIM_OC2_SetConfig	32	static
stm32wbxx_hal_tim.c:6817:13:TIM_OC3_SetConfig	32	static
stm32wbxx_hal_tim.c:6891:13:TIM_OC4_SetConfig	32	static
stm32wbxx_hal_tim.c:6951:13:TIM_OC5_SetConfig	32	static
stm32wbxx_hal_tim.c:7004:13:TIM_OC6_SetConfig	32	static
stm32wbxx_hal_tim.c:7058:26:TIM_SlaveTimer_SetConfig	32	static
stm32wbxx_hal_tim.c:7189:6:TIM_TI1_SetConfig	32	static
stm32wbxx_hal_tim.c:7236:13:TIM_TI1_ConfigInputStage	32	static
stm32wbxx_hal_tim.c:7279:13:TIM_TI2_SetConfig	32	static
stm32wbxx_hal_tim.c:7319:13:TIM_TI2_ConfigInputStage	32	static
stm32wbxx_hal_tim.c:7362:13:TIM_TI3_SetConfig	32	static
stm32wbxx_hal_tim.c:7410:13:TIM_TI4_SetConfig	32	static
stm32wbxx_hal_tim.c:7453:13:TIM_ITRx_SetConfig	24	static
stm32wbxx_hal_tim.c:7483:6:TIM_ETR_SetConfig	32	static
stm32wbxx_hal_tim.c:7515:6:TIM_CCxChannelCmd	32	static
